[INFO] [1791562886.084377748] [pid_maze_solver]: Generated 14 targets from relative motion distances
[INFO] [1791562886.086288494] [pid_maze_solver]: Task5: 2 points; destination yaw preserved; distance PID=(1.50,0.00,0.00)
[INFO] [1791562886.506446895] [pid_maze_solver]: Route origin P01: x=0.000000 y=0.000000 yaw=0.000000
[INFO] [1791562886.506488978] [pid_maze_solver]: Target P02: x=0.000000 y=0.000000 yaw=0.785398; TURN then MOVE
[INFO] [1791562886.526387202] [pid_maze_solver]: TURN_SETTLING P02 stage=TURN reason=angle | error=0.785398 rad tol=0.010000 angle_ok=0 | measured_wz=0.000000 limit=0.050000 angular_ok=1 | linear_speed=0.000000 limit=0.010000 linear_ok=1 | hold_ros=0.000/0.800 s | stage_ros=0.020 stage_wall=0.020 s
[INFO] [1791562886.526751830] [pid_maze_solver]: P02 TURN distance=0.000 yaw_error=0.785 cmd=(0.000,0.000,0.012)
[INFO] [1791562887.026402848] [pid_maze_solver]: TURN_SETTLING P02 stage=TURN reason=angle | error=0.785398 rad tol=0.010000 angle_ok=0 | measured_wz=0.000000 limit=0.050000 angular_ok=1 | linear_speed=0.000000 limit=0.010000 linear_ok=1 | hold_ros=0.000/0.800 s | stage_ros=0.520 stage_wall=0.520 s
[INFO] [1791562887.526416989] [pid_maze_solver]: TURN_SETTLING P02 stage=TURN reason=angle | error=0.785398 rad tol=0.010000 angle_ok=0 | measured_wz=0.000000 limit=0.050000 angular_ok=1 | linear_speed=0.000000 limit=0.010000 linear_ok=1 | hold_ros=0.000/0.800 s | stage_ros=1.020 stage_wall=1.020 s
[INFO] [1791562887.526814683] [pid_maze_solver]: P02 TURN distance=0.000 yaw_error=0.785 cmd=(0.000,0.000,0.600)
[INFO] [1791562888.046416043] [pid_maze_solver]: TURN_SETTLING P02 stage=TURN reason=angle | error=0.785398 rad tol=0.010000 angle_ok=0 | measured_wz=0.000000 limit=0.050000 angular_ok=1 | linear_speed=0.000000 limit=0.010000 linear_ok=1 | hold_ros=0.000/0.800 s | stage_ros=1.540 stage_wall=1.540 s
[INFO] [1791562888.546427908] [pid_maze_solver]: TURN_SETTLING P02 stage=TURN reason=angle | error=0.426632 rad tol=0.010000 angle_ok=0 | measured_wz=0.000000 limit=0.050000 angular_ok=1 | linear_speed=0.000000 limit=0.010000 linear_ok=1 | hold_ros=0.000/0.800 s | stage_ros=2.040 stage_wall=2.040 s
[INFO] [1791562888.546826380] [pid_maze_solver]: P02 TURN distance=0.000 yaw_error=0.427 cmd=(0.000,0.000,0.600)
[INFO] [1791562889.046437257] [pid_maze_solver]: TURN_SETTLING P02 stage=TURN reason=angle | error=0.033946 rad tol=0.010000 angle_ok=0 | measured_wz=0.000000 limit=0.050000 angular_ok=1 | linear_speed=0.000000 limit=0.010000 linear_ok=1 | hold_ros=0.000/0.800 s | stage_ros=2.540 stage_wall=2.540 s
[INFO] [1791562889.546491118] [pid_maze_solver]: TURN_SETTLING P02 stage=TURN reason=angular_speed | error=-0.000000 rad tol=0.010000 angle_ok=1 | measured_wz=0.080000 limit=0.050000 angular_ok=0 | linear_speed=0.000000 limit=0.010000 linear_ok=1 | hold_ros=0.000/0.800 s | stage_ros=3.040 stage_wall=3.040 s
[INFO] [1791562890.046516072] [pid_maze_solver]: TURN_SETTLING P02 stage=TURN reason=angular_speed | error=-0.000000 rad tol=0.010000 angle_ok=1 | measured_wz=0.080000 limit=0.050000 angular_ok=0 | linear_speed=0.000000 limit=0.010000 linear_ok=1 | hold_ros=0.000/0.800 s | stage_ros=3.540 stage_wall=3.540 s
[INFO] [1791562890.566508928] [pid_maze_solver]: TURN_SETTLING P02 stage=TURN reason=angular_speed | error=-0.000000 rad tol=0.010000 angle_ok=1 | measured_wz=0.080000 limit=0.050000 angular_ok=0 | linear_speed=0.000000 limit=0.010000 linear_ok=1 | hold_ros=0.000/0.800 s | stage_ros=4.060 stage_wall=4.060 s
[INFO] [1791562891.086517968] [pid_maze_solver]: TURN_SETTLING P02 stage=TURN reason=angular_speed | error=-0.000000 rad tol=0.010000 angle_ok=1 | measured_wz=0.080000 limit=0.050000 angular_ok=0 | linear_speed=0.000000 limit=0.010000 linear_ok=1 | hold_ros=0.000/0.800 s | stage_ros=4.580 stage_wall=4.580 s
[INFO] [1791562891.606553189] [pid_maze_solver]: TURN_SETTLING P02 stage=TURN reason=linear_speed | error=-0.000000 rad tol=0.010000 angle_ok=1 | measured_wz=0.000000 limit=0.050000 angular_ok=1 | linear_speed=0.020000 limit=0.010000 linear_ok=0 | hold_ros=0.000/0.800 s | stage_ros=5.100 stage_wall=5.100 s
[INFO] [1791562892.126534150] [pid_maze_solver]: TURN_SETTLING P02 stage=TURN reason=linear_speed | error=-0.000000 rad tol=0.010000 angle_ok=1 | measured_wz=0.000000 limit=0.050000 angular_ok=1 | linear_speed=0.020000 limit=0.010000 linear_ok=0 | hold_ros=0.000/0.800 s | stage_ros=5.620 stage_wall=5.620 s
[INFO] [1791562892.626551438] [pid_maze_solver]: TURN_SETTLING P02 stage=TURN reason=linear_speed | error=-0.000000 rad tol=0.010000 angle_ok=1 | measured_wz=0.000000 limit=0.050000 angular_ok=1 | linear_speed=0.020000 limit=0.010000 linear_ok=0 | hold_ros=0.000/0.800 s | stage_ros=6.120 stage_wall=6.120 s
[INFO] [1791562893.126569850] [pid_maze_solver]: TURN_SETTLING P02 stage=TURN reason=hold | error=-0.000000 rad tol=0.010000 angle_ok=1 | measured_wz=0.000000 limit=0.050000 angular_ok=1 | linear_speed=0.000000 limit=0.010000 linear_ok=1 | hold_ros=0.020/0.800 s | stage_ros=6.620 stage_wall=6.620 s
[INFO] [1791562893.646570482] [pid_maze_solver]: TURN_SETTLING P02 stage=TURN reason=hold | error=-0.000000 rad tol=0.010000 angle_ok=1 | measured_wz=0.000000 limit=0.050000 angular_ok=1 | linear_speed=0.000000 limit=0.010000 linear_ok=1 | hold_ros=0.540/0.800 s | stage_ros=7.140 stage_wall=7.140 s
[INFO] [1791562893.926578640] [pid_maze_solver]: P02 MOVE
[INFO] [1791562894.746591852] [pid_maze_solver]: Reached P02: distance=0.000000 heading_error=-0.000000
[INFO] [1791562894.746660060] [pid_maze_solver]: Route completed; stopped.

Diagnostic gates and partial-route termination: PASS
