[INFO] [1791563124.807393099] [pid_maze_solver]: TURN_SETTLING P04 stage=TURN reason=angle | error=-0.016602 rad tol=0.010000 angle_ok=0 | measured_wz=-0.130344 limit=0.050000 angular_ok=0 | linear_speed=0.000283 limit=0.010000linear_ok=1 | hold_ros=0.000/0.200 s | stage_ros=3.242 stage_wall=6.200 s
[INFO] [1791563125.230333886] [pid_maze_solver]: P04 TURN distance=1.158 yaw_error=-0.024 cmd=(0.000,0.000,-0.006)
[INFO] [1791563125.327392657] [pid_maze_solver]: TURN_SETTLING P04 stage=TURN reason=angle | error=-0.023531 rad tol=0.010000 angle_ok=0 | measured_wz=-0.109989 limit=0.050000 angular_ok=0 | linear_speed=0.000090 limit=0.010000linear_ok=1 | hold_ros=0.000/0.200 s | stage_ros=3.511 stage_wall=6.720 s
[INFO] [1791563125.827405430] [pid_maze_solver]: TURN_SETTLING P04 stage=TURN reason=angle | error=-0.018188 rad tol=0.010000 angle_ok=0 | measured_wz=-0.098752 limit=0.050000 angular_ok=0 | linear_speed=0.000078 limit=0.010000linear_ok=1 | hold_ros=0.000/0.200 s | stage_ros=3.765 stage_wall=7.220 s
[INFO] [1791563126.347419304] [pid_maze_solver]: TURN_SETTLING P04 stage=TURN reason=angle | error=-0.019182 rad tol=0.010000 angle_ok=0 | measured_wz=-0.083665 limit=0.050000 angular_ok=0 | linear_speed=0.000065 limit=0.010000linear_ok=1 | hold_ros=0.000/0.200 s | stage_ros=4.032 stage_wall=7.740 s
[INFO] [1791563126.847431047] [pid_maze_solver]: TURN_SETTLING P04 stage=TURN reason=angle | error=-0.016356 rad tol=0.010000 angle_ok=0 | measured_wz=-0.072690 limit=0.050000 angular_ok=0 | linear_speed=0.000055 limit=0.010000linear_ok=1 | hold_ros=0.000/0.200 s | stage_ros=4.279 stage_wall=8.240 s
[INFO] [1791563127.191111264] [pid_maze_solver]: P04 TURN distance=1.158 yaw_error=-0.015 cmd=(0.000,0.000,-0.008)
[INFO] [1791563127.347458423] [pid_maze_solver]: TURN_SETTLING P04 stage=TURN reason=angle | error=-0.014670 rad tol=0.010000 angle_ok=0 | measured_wz=-0.064201 limit=0.050000 angular_ok=0 | linear_speed=0.000047 limit=0.010000linear_ok=1 | hold_ros=0.000/0.200 s | stage_ros=4.557 stage_wall=8.740 s
[INFO] [1791563127.867422920] [pid_maze_solver]: TURN_SETTLING P04 stage=TURN reason=angle | error=-0.010223 rad tol=0.010000 angle_ok=0 | measured_wz=-0.057069 limit=0.050000 angular_ok=0 | linear_speed=0.000105 limit=0.010000linear_ok=1 | hold_ros=0.000/0.200 s | stage_ros=4.823 stage_wall=9.260 s
[INFO] [1791563128.387419694] [pid_maze_solver]: TURN_SETTLING P04 stage=TURN reason=angle | error=-0.011049 rad tol=0.010000 angle_ok=0 | measured_wz=-0.049329 limit=0.050000 angular_ok=1 | linear_speed=0.000034 limit=0.010000linear_ok=1 | hold_ros=0.000/0.200 s | stage_ros=5.086 stage_wall=9.780 s
[INFO] [1791563128.888157106] [pid_maze_solver]: TURN_SETTLING P04 stage=TURN reason=hold | error=-0.009435 rad tol=0.010000 angle_ok=1 | measured_wz=-0.042842 limit=0.050000 angular_ok=1 | linear_speed=0.000028 limit=0.010000 linear_ok=1 | hold_ros=0.097/0.200 s | stage_ros=5.362 stage_wall=10.281 s
[INFO] [1791563129.087452217] [pid_maze_solver]: P04 MOVE
[INFO] [1791563129.130124860] [pid_maze_solver]: P04 MOVE distance=1.158 yaw_error=-0.007 cmd=(-0.003,0.008,0.001)
[INFO] [1791563131.031494610] [pid_maze_solver]: P04 MOVE distance=1.003 yaw_error=-0.006 cmd=(0.240,0.010,-0.003)
[INFO] [1791563131.627524309] [pid_maze_solver]: SIDE_CENTER P04 left=0.252right=0.249 target_offset=-0.003 m
[INFO] [1791563132.950670354] [pid_maze_solver]: P04 MOVE distance=0.773 yaw_error=-0.004 cmd=(0.240,-0.000,-0.002)
[INFO] [1791563133.727741143] [pid_maze_solver]: SIDE_CENTER P04 left=0.251right=0.250 target_offset=-0.003 m
[INFO] [1791563134.909979785] [pid_maze_solver]: P04 MOVE distance=0.533 yaw_error=-0.002 cmd=(0.240,0.000,-0.001)
[INFO] [1791563135.687506700] [pid_maze_solver]: SIDE_CENTER P04 left=0.251right=0.250 target_offset=-0.002 m
[INFO] [1791563136.829914927] [pid_maze_solver]: P04 MOVE distance=0.293 yaw_error=-0.001 cmd=(0.224,-0.000,-0.001)
[INFO] [1791563138.811408295] [pid_maze_solver]: P04 MOVE distance=0.115 yaw_error=-0.001 cmd=(0.120,-0.000,-0.000)
[INFO] [1791563140.771324027] [pid_maze_solver]: P04 MOVE distance=0.023 yaw_error=-0.000 cmd=(0.034,0.000,-0.000)
[INFO] [1791563141.747547012] [pid_maze_solver]: Reached P04: distance=0.011893 heading_error=-0.000138
[INFO] [1791563141.747620020] [pid_maze_solver]: Target P05: x=0.988492 y=-1.310493 yaw=-0.000000; TURN then MOVE
[INFO] [1791563141.767508659] [pid_maze_solver]: TURN_SETTLING P05 stage=TURN reason=angle | error=1.570658 rad tol=0.010000 angle_ok=0 | measured_wz=-0.001463 limit=0.050000 angular_ok=1 | linear_speed=0.001617 limit=0.010000 linear_ok=1 | hold_ros=0.000/0.200 s | stage_ros=0.006 stage_wall=0.020 s
[INFO] [1791563142.287503580] [pid_maze_solver]: TURN_SETTLING P05 stage=TURN reason=angle | error=1.563461 rad tol=0.010000 angle_ok=0 | measured_wz=0.002720 limit=0.050000 angular_ok=1 | linear_speed=0.001420 limit=0.010000 linear_ok=1 | hold_ros=0.000/0.200 s | stage_ros=0.266 stage_wall=0.540 s
[INFO] [1791563142.650229824] [pid_maze_solver]: P05 TURN distance=0.463 yaw_error=1.531 cmd=(0.000,0.000,0.271)
[INFO] [1791563142.787509822] [pid_maze_solver]: TURN_SETTLING P05 stage=TURN reason=angle | error=1.520794 rad tol=0.010000 angle_ok=0 | measured_wz=0.025368 limit=0.050000 angular_ok=1 | linear_speed=0.001220 limit=0.010000 linear_ok=1 | hold_ros=0.000/0.200 s | stage_ros=0.519 stage_wall=1.040 s
[INFO] [1791563143.327508036] [pid_maze_solver]: TURN_SETTLING P05 stage=TURN reason=angle | error=1.419202 rad tol=0.010000 angle_ok=0 | measured_wz=0.074154 limit=0.050000 angular_ok=0 | linear_speed=0.002674 limit=0.010000 linear_ok=1 | hold_ros=0.000/0.200 s | stage_ros=0.824 stage_wall=1.580 s
[INFO] [1791563143.827524655] [pid_maze_solver]: TURN_SETTLING P05 stage=TURN reason=angle | error=1.224492 rad tol=0.010000 angle_ok=0 | measured_wz=0.166252 limit=0.050000 angular_ok=0 | linear_speed=0.000834 limit=0.010000 linear_ok=1 | hold_ros=0.000/0.200 s | stage_ros=1.101 stage_wall=2.080 s
[INFO] [1791563144.347530107] [pid_maze_solver]: TURN_SETTLING P05 stage=TURN reason=angle | error=1.075292 rad tol=0.010000 angle_ok=0 | measured_wz=0.226035 limit=0.050000 angular_ok=0 | linear_speed=0.000717 limit=0.010000 linear_ok=1 | hold_ros=0.000/0.200 s | stage_ros=1.340 stage_wall=2.600 s
[INFO] [1791563144.569572778] [pid_maze_solver]: P05 TURN distance=0.463 yaw_error=1.021 cmd=(0.000,0.000,0.600)
[INFO] [1791563144.867531522] [pid_maze_solver]: TURN_SETTLING P05 stage=TURN reason=angle | error=0.912831 rad tol=0.010000 angle_ok=0 | measured_wz=0.278894 limit=0.050000 angular_ok=0 | linear_speed=0.000601 limit=0.010000 linear_ok=1 | hold_ros=0.000/0.200 s | stage_ros=1.614 stage_wall=3.120 s
[INFO] [1791563145.393513702] [pid_maze_solver]: TURN_SETTLING P05 stage=TURN reason=angle | error=0.723293 rad tol=0.010000 angle_ok=0 | measured_wz=0.337317 limit=0.050000 angular_ok=0 | linear_speed=0.000503 limit=0.010000 linear_ok=1 | hold_ros=0.000/0.200 s | stage_ros=1.906 stage_wall=3.646 s
[INFO] [1791563145.907543001] [pid_maze_solver]: TURN_SETTLING P05 stage=TURN reason=angle | error=0.506678 rad tol=0.010000 angle_ok=0 | measured_wz=0.402435 limit=0.050000 angular_ok=0 | linear_speed=0.000421 limit=0.010000 linear_ok=1 | hold_ros=0.000/0.200 s | stage_ros=2.176 stage_wall=4.160 s
[INFO] [1791563146.427539963] [pid_maze_solver]: TURN_SETTLING P05 stage=TURN reason=angle | error=0.344217 rad tol=0.010000 angle_ok=0 | measured_wz=0.428634 limit=0.050000 angular_ok=0 | linear_speed=0.000353 limit=0.010000 linear_ok=1 | hold_ros=0.000/0.200 s | stage_ros=2.454 stage_wall=4.680 s
[INFO] [1791563146.431577470] [pid_maze_solver]: P05 TURN distance=0.463 yaw_error=0.344 cmd=(0.000,0.000,0.551)
[INFO] [1791563146.967536323] [pid_maze_solver]: TURN_SETTLING P05 stage=TURN reason=angle | error=0.178622 rad tol=0.010000 angle_ok=0 | measured_wz=0.461897 limit=0.050000 angular_ok=0 | linear_speed=0.000303 limit=0.010000 linear_ok=1 | hold_ros=0.000/0.200 s | stage_ros=2.717 stage_wall=5.220 s
[INFO] [1791563147.467540881] [pid_maze_solver]: TURN_SETTLING P05 stage=TURN reason=angle | error=0.085426 rad tol=0.010000 angle_ok=0 | measured_wz=0.442843 limit=0.050000 angular_ok=0 | linear_speed=0.000254 limit=0.010000 linear_ok=1 | hold_ros=0.000/0.200 s | stage_ros=3.012 stage_wall=5.720 s
[INFO] [1791563147.967550852] [pid_maze_solver]: TURN_SETTLING P05 stage=TURN reason=angle | error=0.017257 rad tol=0.010000 angle_ok=0 | measured_wz=0.403490 limit=0.050000 angular_ok=0 | linear_speed=0.000207 limit=0.010000 linear_ok=1 | hold_ros=0.000/0.200 s | stage_ros=3.268 stage_wall=6.220 s
[INFO] [1791563148.467587088] [pid_maze_solver]: TURN_SETTLING P05 stage=TURN reason=angular_speed | error=0.006751 rad tol=0.010000 angle_ok=1 | measured_wz=0.356684 limit=0.050000 angular_ok=0 | linear_speed=0.000178 limit=0.010000 linear_ok=1 | hold_ros=0.000/0.200 s | stage_ros=3.541 stage_wall=6.720 s
[INFO] [1791563148.970223092] [pid_maze_solver]: TURN_SETTLING P05 stage=TURN reason=angular_speed | error=0.006751 rad tol=0.010000 angle_ok=1 | measured_wz=0.303443 limit=0.050000 angular_ok=0 | linear_speed=0.000149 limit=0.010000 linear_ok=1 | hold_ros=0.000/0.200 s | stage_ros=3.814 stage_wall=7.223 s
[INFO] [1791563149.487593658] [pid_maze_solver]: TURN_SETTLING P05 stage=TURN reason=angular_speed | error=0.006751 rad tol=0.010000 angle_ok=1 | measured_wz=0.264181 limit=0.050000 angular_ok=0 | linear_speed=0.000128 limit=0.010000 linear_ok=1 | hold_ros=0.000/0.200 s | stage_ros=4.092 stage_wall=7.740 s
[INFO] [1791563150.007567865] [pid_maze_solver]: TURN_SETTLING P05 stage=TURN reason=angular_speed | error=0.006751 rad tol=0.010000 angle_ok=1 | measured_wz=0.219617 limit=0.050000 angular_ok=0 | linear_speed=0.000105 limit=0.010000 linear_ok=1 | hold_ros=0.000/0.200 s | stage_ros=4.381 stage_wall=8.260 s
[INFO] [1791563150.507594138] [pid_maze_solver]: TURN_SETTLING P05 stage=TURN reason=angular_speed | error=0.006751 rad tol=0.010000 angle_ok=1 | measured_wz=0.186836 limit=0.050000 angular_ok=0 | linear_speed=0.000088 limit=0.010000 linear_ok=1 | hold_ros=0.000/0.200 s | stage_ros=4.667 stage_wall=8.760 s
[INFO] [1791563151.028122894] [pid_maze_solver]: TURN_SETTLING P05 stage=TURN reason=angular_speed | error=0.006751 rad tol=0.010000 angle_ok=1 | measured_wz=0.155319 limit=0.050000 angular_ok=0 | linear_speed=0.000192 limit=0.010000 linear_ok=1 | hold_ros=0.000/0.200 s | stage_ros=4.973 stage_wall=9.281 s
[INFO] [1791563151.547636990] [pid_maze_solver]: TURN_SETTLING P05 stage=TURN reason=angular_speed | error=0.006751 rad tol=0.010000 angle_ok=1 | measured_wz=0.135223 limit=0.050000 angular_ok=0 | linear_speed=0.000062 limit=0.010000 linear_ok=1 | hold_ros=0.000/0.200 s | stage_ros=5.246 stage_wall=9.800 s
[INFO] [1791563152.067618944] [pid_maze_solver]: TURN_SETTLING P05 stage=TURN reason=angular_speed | error=0.002042 rad tol=0.010000 angle_ok=1 | measured_wz=0.117726 limit=0.050000 angular_ok=0 | linear_speed=0.000138 limit=0.010000 linear_ok=1 | hold_ros=0.000/0.200 s | stage_ros=5.528 stage_wall=10.320 s
[INFO] [1791563152.567641267] [pid_maze_solver]: TURN_SETTLING P05 stage=TURN reason=angular_speed | error=0.002836 rad tol=0.010000 angle_ok=1 | measured_wz=0.097867 limit=0.050000 angular_ok=0 | linear_speed=0.000113 limit=0.010000 linear_ok=1 | hold_ros=0.000/0.200 s | stage_ros=5.813 stage_wall=10.820 s
[INFO] [1791563153.067909179] [pid_maze_solver]: TURN_SETTLING P05 stage=TURN reason=angular_speed | error=0.006751 rad tol=0.010000 angle_ok=1 | measured_wz=0.081359 limit=0.050000 angular_ok=0 | linear_speed=0.000035 limit=0.010000 linear_ok=1 | hold_ros=0.000/0.200 s | stage_ros=6.099 stage_wall=11.320 s
[INFO] [1791563153.587601028] [pid_maze_solver]: TURN_SETTLING P05 stage=TURN reason=angular_speed | error=0.006751 rad tol=0.010000 angle_ok=1 | measured_wz=0.069215 limit=0.050000 angular_ok=0 | linear_speed=0.000030 limit=0.010000 linear_ok=1 | hold_ros=0.000/0.200 s | stage_ros=6.374 stage_wall=11.840 s
[INFO] [1791563154.087736317] [pid_maze_solver]: TURN_SETTLING P05 stage=TURN reason=angular_speed | error=0.006751 rad tol=0.010000 angle_ok=1 | measured_wz=0.060259 limit=0.050000 angular_ok=0 | linear_speed=0.000025 limit=0.010000 linear_ok=1 | hold_ros=0.000/0.200 s | stage_ros=6.635 stage_wall=12.340 s
[INFO] [1791563154.649291953] [pid_maze_solver]: TURN_SETTLING P05 stage=TURN reason=angular_speed | error=0.006751 rad tol=0.010000 angle_ok=1 | measured_wz=0.051264 limit=0.050000 angular_ok=0 | linear_speed=0.000021 limit=0.010000 linear_ok=1 | hold_ros=0.000/0.200 s | stage_ros=6.929 stage_wall=12.902 s
[INFO] [1791563155.107621459] [pid_maze_solver]: P05 MOVE
[INFO] [1791563155.130179545] [pid_maze_solver]: P05 MOVE distance=0.463 yaw_error=0.005 cmd=(0.006,-0.006,-0.006)
[INFO] [1791563157.010414537] [pid_maze_solver]: P05 MOVE distance=0.375 yaw_error=0.006 cmd=(0.112,-0.015,0.003)
[INFO] [1791563158.871388394] [pid_maze_solver]: P05 MOVE distance=0.250 yaw_error=0.004 cmd=(0.193,-0.002,0.002)
[INFO] [1791563160.810514934] [pid_maze_solver]: P05 MOVE distance=0.105 yaw_error=0.002 cmd=(0.120,0.002,0.001)
[INFO] [1791563162.669959284] [pid_maze_solver]: P05 MOVE distance=0.019 yaw_error=0.001 cmd=(0.029,0.005,0.000)
[INFO] [1791563163.687687558] [pid_maze_solver]: Reached P05: distance=0.012195 heading_error=0.001029
[INFO] [1791563163.687755348] [pid_maze_solver]: Target P06: x=1.018492 y=-0.810493 yaw=1.570796; TURN then MOVE
[INFO] [1791563163.707648177] [pid_maze_solver]: TURN_SETTLING P06 stage=TURN reason=angle | error=1.571826 rad tol=0.010000 angle_ok=0 | measured_wz=0.004081 limit=0.050000 angular_ok=1 | linear_speed=0.001140 limit=0.010000 linear_ok=1 | hold_ros=0.000/0.200 s | stage_ros=0.012 stage_wall=0.020 s
[INFO] [1791563164.227652284] [pid_maze_solver]: TURN_SETTLING P06 stage=TURN reason=angle | error=1.560034 rad tol=0.010000 angle_ok=0 | measured_wz=0.009844 limit=0.050000 angular_ok=1 | linear_speed=0.002563 limit=0.010000 linear_ok=1 | hold_ros=0.000/0.200 s | stage_ros=0.271 stage_wall=0.540 s
[INFO] [1791563164.550624001] [pid_maze_solver]: P06 TURN distance=0.504 yaw_error=1.531 cmd=(0.000,0.000,0.274)
[INFO] [1791563164.727658125] [pid_maze_solver]: TURN_SETTLING P06 stage=TURN reason=angle | error=1.498206 rad tol=0.010000 angle_ok=0 | measured_wz=0.042537 limit=0.050000 angular_ok=1 | linear_speed=0.000820 limit=0.010000 linear_ok=1 | hold_ros=0.000/0.200 s | stage_ros=0.557 stage_wall=1.040 s
[INFO] [1791563165.247685129] [pid_maze_solver]: TURN_SETTLING P06 stage=TURN reason=angle | error=1.399614 rad tol=0.010000 angle_ok=0 | measured_wz=0.088915 limit=0.050000 angular_ok=0 | linear_speed=0.001845 limit=0.010000 linear_ok=1 | hold_ros=0.000/0.200 s | stage_ros=0.796 stage_wall=1.560 s
[INFO] [1791563165.767680616] [pid_maze_solver]: TURN_SETTLING P06 stage=TURN reason=angle | error=1.243053 rad tol=0.010000 angle_ok=0 | measured_wz=0.161941 limit=0.050000 angular_ok=0 | linear_speed=0.000590 limit=0.010000 linear_ok=1 | hold_ros=0.000/0.200 s | stage_ros=1.064 stage_wall=2.080 s
[INFO] [1791563166.287670380] [pid_maze_solver]: TURN_SETTLING P06 stage=TURN reason=angle | error=1.071462 rad tol=0.010000 angle_ok=0 | measured_wz=0.229236 limit=0.050000 angular_ok=0 | linear_speed=0.001328 limit=0.010000 linear_ok=1 | hold_ros=0.000/0.200 s | stage_ros=1.313 stage_wall=2.600 s
[INFO] [1791563166.550908928] [pid_maze_solver]: P06 TURN distance=0.504 yaw_error=0.972 cmd=(0.000,0.000,0.600)
[INFO] [1791563166.807670259] [pid_maze_solver]: TURN_SETTLING P06 stage=TURN reason=angle | error=0.918170 rad tol=0.010000 angle_ok=0 | measured_wz=0.287828 limit=0.050000 angular_ok=0 | linear_speed=0.000436 limit=0.010000 linear_ok=1 | hold_ros=0.000/0.200 s | stage_ros=1.574 stage_wall=3.120 s
[INFO] [1791563167.308136287] [pid_maze_solver]: TURN_SETTLING P06 stage=TURN reason=angle | error=0.728632 rad tol=0.010000 angle_ok=0 | measured_wz=0.338660 limit=0.050000 angular_ok=0 | linear_speed=0.000356 limit=0.010000 linear_ok=1 | hold_ros=0.000/0.200 s | stage_ros=1.857 stage_wall=3.620 s
[INFO] [1791563167.827674403] [pid_maze_solver]: TURN_SETTLING P06 stage=TURN reason=angle | error=0.512018 rad tol=0.010000 angle_ok=0 | measured_wz=0.403279 limit=0.050000 angular_ok=0 | linear_speed=0.000298 limit=0.010000 linear_ok=1 | hold_ros=0.000/0.200 s | stage_ros=2.139 stage_wall=4.140 s
[INFO] [1791563168.327686368] [pid_maze_solver]: TURN_SETTLING P06 stage=TURN reason=angle | error=0.376633 rad tol=0.010000 angle_ok=0 | measured_wz=0.423922 limit=0.050000 angular_ok=0 | linear_speed=0.000256 limit=0.010000 linear_ok=1 | hold_ros=0.000/0.200 s | stage_ros=2.395 stage_wall=4.640 s
[INFO] [1791563168.429787623] [pid_maze_solver]: P06 TURN distance=0.504 yaw_error=0.297 cmd=(0.000,0.000,0.526)
[INFO] [1791563168.867684305] [pid_maze_solver]: TURN_SETTLING P06 stage=TURN reason=angle | error=0.162965 rad tol=0.010000 angle_ok=0 | measured_wz=0.463985 limit=0.050000 angular_ok=0 | linear_speed=0.000562 limit=0.010000 linear_ok=1 | hold_ros=0.000/0.200 s | stage_ros=2.659 stage_wall=5.180 s
[INFO] [1791563169.387676022] [pid_maze_solver]: TURN_SETTLING P06 stage=TURN reason=angle | error=0.067683 rad tol=0.010000 angle_ok=0 | measured_wz=0.455677 limit=0.050000 angular_ok=0 | linear_speed=0.000180 limit=0.010000 linear_ok=1 | hold_ros=0.000/0.200 s | stage_ros=2.941 stage_wall=5.700 s
[INFO] [1791563169.889758717] [pid_maze_solver]: TURN_SETTLING P06 stage=TURN reason=angle | error=0.017290 rad tol=0.010000 angle_ok=0 | measured_wz=0.423692 limit=0.050000 angular_ok=0 | linear_speed=0.000154 limit=0.010000 linear_ok=1 | hold_ros=0.000/0.200 s | stage_ros=3.202 stage_wall=6.202 s
[INFO] [1791563170.407726324] [pid_maze_solver]: TURN_SETTLING P06 stage=TURN reason=angular_speed | error=-0.002809 rad tol=0.010000 angle_ok=1 | measured_wz=0.370617 limit=0.050000 angular_ok=0 | linear_speed=0.000129 limit=0.010000 linear_ok=1 | hold_ros=0.000/0.200 s | stage_ros=3.457 stage_wall=6.720 s
[INFO] [1791563170.710642154] [pid_maze_solver]: P06 TURN distance=0.504 yaw_error=-0.016 cmd=(0.000,0.000,0.064)
[INFO] [1791563170.908140719] [pid_maze_solver]: TURN_SETTLING P06 stage=TURN reason=angular_speed | error=-0.002809 rad tol=0.010000 angle_ok=1 | measured_wz=0.322663 limit=0.050000 angular_ok=0 | linear_speed=0.000111 limit=0.010000 linear_ok=1 | hold_ros=0.000/0.200 s | stage_ros=3.734 stage_wall=7.220 s
[INFO] [1791563171.427741078] [pid_maze_solver]: TURN_SETTLING P06 stage=TURN reason=angular_speed | error=-0.005196 rad tol=0.010000 angle_ok=1 | measured_wz=0.275687 limit=0.050000 angular_ok=0 | linear_speed=0.000093 limit=0.010000 linear_ok=1 | hold_ros=0.000/0.200 s | stage_ros=3.982 stage_wall=7.740 s
[INFO] [1791563171.947745437] [pid_maze_solver]: TURN_SETTLING P06 stage=TURN reason=angular_speed | error=-0.005196 rad tol=0.010000 angle_ok=1 | measured_wz=0.234536 limit=0.050000 angular_ok=0 | linear_speed=0.000078 limit=0.010000 linear_ok=1 | hold_ros=0.000/0.200 s | stage_ros=4.269 stage_wall=8.260 s
[INFO] [1791563172.487750582] [pid_maze_solver]: TURN_SETTLING P06 stage=TURN reason=angular_speed | error=-0.005196 rad tol=0.010000 angle_ok=1 | measured_wz=0.194973 limit=0.050000 angular_ok=0 | linear_speed=0.000064 limit=0.010000 linear_ok=1 | hold_ros=0.000/0.200 s | stage_ros=4.576 stage_wall=8.800 s
[INFO] [1791563172.987761157] [pid_maze_solver]: TURN_SETTLING P06 stage=TURN reason=angular_speed | error=-0.005196 rad tol=0.010000 angle_ok=1 | measured_wz=0.165871 limit=0.050000 angular_ok=0 | linear_speed=0.000053 limit=0.010000 linear_ok=1 | hold_ros=0.000/0.200 s | stage_ros=4.858 stage_wall=9.300 s
[INFO] [1791563173.527751231] [pid_maze_solver]: TURN_SETTLING P06 stage=TURN reason=angular_speed | error=-0.005196 rad tol=0.010000 angle_ok=1 | measured_wz=0.141112 limit=0.050000 angular_ok=0 | linear_speed=0.000045 limit=0.010000 linear_ok=1 | hold_ros=0.000/0.200 s | stage_ros=5.162 stage_wall=9.840 s
[INFO] [1791563173.769908645] [pid_maze_solver]: P06 TURN distance=0.504 yaw_error=-0.010 cmd=(0.000,0.000,0.025)
[INFO] [1791563174.027764923] [pid_maze_solver]: TURN_SETTLING P06 stage=TURN reason=angular_speed | error=-0.005326 rad tol=0.010000 angle_ok=1 | measured_wz=0.117381 limit=0.050000 angular_ok=0 | linear_speed=0.000036 limit=0.010000 linear_ok=1 | hold_ros=0.000/0.200 s | stage_ros=5.457 stage_wall=10.340 s
[INFO] [1791563174.547754536] [pid_maze_solver]: TURN_SETTLING P06 stage=TURN reason=angular_speed | error=-0.004433 rad tol=0.010000 angle_ok=1 | measured_wz=0.101739 limit=0.050000 angular_ok=0 | linear_speed=0.000031 limit=0.010000 linear_ok=1 | hold_ros=0.000/0.200 s | stage_ros=5.732 stage_wall=10.860 s
[INFO] [1791563175.047763428] [pid_maze_solver]: TURN_SETTLING P06 stage=TURN reason=angular_speed | error=-0.004433 rad tol=0.010000 angle_ok=1 | measured_wz=0.086553 limit=0.050000 angular_ok=0 | linear_speed=0.000026 limit=0.010000 linear_ok=1 | hold_ros=0.000/0.200 s | stage_ros=5.996 stage_wall=11.360 s
[INFO] [1791563175.568010803] [pid_maze_solver]: TURN_SETTLING P06 stage=TURN reason=angular_speed | error=-0.004433 rad tol=0.010000 angle_ok=1 | measured_wz=0.073633 limit=0.050000 angular_ok=0 | linear_speed=0.000022 limit=0.010000 linear_ok=1 | hold_ros=0.000/0.200 s | stage_ros=6.267 stage_wall=11.880 s
[INFO] [1791563176.087759288] [pid_maze_solver]: TURN_SETTLING P06 stage=TURN reason=angular_speed | error=-0.006938 rad tol=0.010000 angle_ok=1 | measured_wz=0.062643 limit=0.050000 angular_ok=0 | linear_speed=0.000018 limit=0.010000 linear_ok=1 | hold_ros=0.000/0.200 s | stage_ros=6.557 stage_wall=12.400 s
[INFO] [1791563176.587776717] [pid_maze_solver]: TURN_SETTLING P06 stage=TURN reason=angular_speed | error=-0.004433 rad tol=0.010000 angle_ok=1 | measured_wz=0.053292 limit=0.050000 angular_ok=0 | linear_speed=0.000015 limit=0.010000 linear_ok=1 | hold_ros=0.000/0.200 s | stage_ros=6.825 stage_wall=12.900 s
[INFO] [1791563177.087760905] [pid_maze_solver]: P06 MOVE
[INFO] [1791563177.112386636] [pid_maze_solver]: P06 MOVE distance=0.504 yaw_error=-0.004 cmd=(-0.005,-0.011,-0.006)
[INFO] [1791563178.991431508] [pid_maze_solver]: P06 MOVE distance=0.418 yaw_error=0.005 cmd=(0.220,-0.017,0.001)
[INFO] [1791563181.050520114] [pid_maze_solver]: P06 MOVE distance=0.194 yaw_error=0.003 cmd=(0.160,-0.001,0.001)
[INFO] [1791563183.031798868] [pid_maze_solver]: P06 MOVE distance=0.060 yaw_error=0.002 cmd=(0.091,0.004,0.001)
[INFO] [1791563185.107815623] [pid_maze_solver]: Reached P06: distance=0.011753 heading_error=0.001135
[INFO] [1791563185.107885928] [pid_maze_solver]: Target P07: x=1.388492 y=-0.810493 yaw=1.570796; MOVE with reused stop
[INFO] [1791563185.107912848] [pid_maze_solver]: P07 MOVE (reused qualifiedstop; unchanged heading)
[INFO] [1791563185.132101307] [pid_maze_solver]: P07 MOVE distance=0.369 yaw_error=0.001 cmd=(-0.005,-0.015,0.001)
[INFO] [1791563187.092416207] [pid_maze_solver]: P07 MOVE distance=0.239 yaw_error=0.001 cmd=(0.001,-0.191,0.000)
[INFO] [1791563189.111364799] [pid_maze_solver]: P07 MOVE distance=0.077 yaw_error=0.000 cmd=(0.005,-0.120,0.000)
[INFO] [1791563191.607876760] [pid_maze_solver]: Reached P07: distance=0.012290 heading_error=0.000211
[INFO] [1791563191.607944693] [pid_maze_solver]: Target P08: x=1.388492 y=-0.260493 yaw=1.570796; MOVE with reused stop
[INFO] [1791563191.608001672] [pid_maze_solver]: P08 MOVE (reused qualifiedstop; unchanged heading)
[INFO] [1791563191.631475376] [pid_maze_solver]: P08 MOVE distance=0.552 yaw_error=0.000 cmd=(0.003,-0.005,0.000)
[INFO] [1791563193.550686600] [pid_maze_solver]: P08 MOVE distance=0.463 yaw_error=0.000 cmd=(0.111,-0.010,0.000)
[INFO] [1791563195.493350365] [pid_maze_solver]: P08 MOVE distance=0.317 yaw_error=0.000 cmd=(0.200,-0.002,0.000)
[INFO] [1791563197.491939332] [pid_maze_solver]: P08 MOVE distance=0.135 yaw_error=0.000 cmd=(0.129,0.005,0.000)
[INFO] [1791563199.470393144] [pid_maze_solver]: P08 MOVE distance=0.027 yaw_error=0.000 cmd=(0.041,0.002,0.000)
[INFO] [1791563200.827935380] [pid_maze_solver]: Reached P08: distance=0.011893 heading_error=0.000013
[INFO] [1791563200.828007437] [pid_maze_solver]: Target P09: x=2.003492 y=-0.260493 yaw=1.570796; MOVE with reused stop
[INFO] [1791563200.828067653] [pid_maze_solver]: P09 MOVE (reused qualifiedstop; unchanged heading)
[INFO] [1791563201.410732383] [pid_maze_solver]: P09 MOVE distance=0.607 yaw_error=0.000 cmd=(0.008,-0.124,-0.000)
[INFO] [1791563203.350888349] [pid_maze_solver]: P09 MOVE distance=0.425 yaw_error=0.000 cmd=(0.000,-0.195,0.000)
[INFO] [1791563205.272300754] [pid_maze_solver]: P09 MOVE distance=0.226 yaw_error=0.000 cmd=(0.001,-0.184,0.000)
[INFO] [1791563207.251881604] [pid_maze_solver]: P09 MOVE distance=0.074 yaw_error=0.000 cmd=(0.005,-0.112,0.000)
[INFO] [1791563209.707979672] [pid_maze_solver]: Reached P09: distance=0.012149 heading_error=-0.000004
[INFO] [1791563209.708051573] [pid_maze_solver]: Target P10: x=1.943492 y=0.535507 yaw=1.570796; MOVE with reused stop
[INFO] [1791563209.708080853] [pid_maze_solver]: P10 MOVE (reused qualifiedstop; unchanged heading)
[INFO] [1791563209.730310088] [pid_maze_solver]: P10 MOVE distance=0.798 yaw_error=-0.000 cmd=(0.005,0.010,-0.000)
[INFO] [1791563211.631318424] [pid_maze_solver]: P10 MOVE distance=0.693 yaw_error=0.000 cmd=(0.109,0.006,-0.000)
[INFO] [1791563213.651724041] [pid_maze_solver]: P10 MOVE distance=0.584 yaw_error=0.000 cmd=(0.109,-0.001,0.000)
[INFO] [1791563215.690522883] [pid_maze_solver]: P10 MOVE distance=0.476 yaw_error=0.000 cmd=(0.109,-0.000,0.000)
[INFO] [1791563217.570858237] [pid_maze_solver]: P10 MOVE distance=0.359 yaw_error=0.000 cmd=(0.120,0.000,0.000)
[INFO] [1791563219.590655636] [pid_maze_solver]: P10 MOVE distance=0.235 yaw_error=0.000 cmd=(0.120,0.000,0.000)
[INFO] [1791563221.570898853] [pid_maze_solver]: P10 MOVE distance=0.120 yaw_error=0.000 cmd=(0.120,0.001,0.000)
[INFO] [1791563223.631127845] [pid_maze_solver]: P10 MOVE distance=0.023 yaw_error=0.000 cmd=(0.035,0.007,0.000)
[INFO] [1791563224.728384159] [pid_maze_solver]: Reached P10: distance=0.011999 heading_error=-0.000003
[INFO] [1791563224.728442786] [pid_maze_solver]: Target P11: x=1.502492 y=0.535507 yaw=3.141593; TURN then MOVE
[INFO] [1791563224.748042048] [pid_maze_solver]: TURN_SETTLING P11 stage=TURN reason=angle | error=1.570793 rad tol=0.010000 angle_ok=0 | measured_wz=0.000002 limit=0.050000 angular_ok=1 | linear_speed=0.003128 limit=0.010000 linear_ok=1 | hold_ros=0.000/0.200 s | stage_ros=0.019 stage_wall=0.020 s
[INFO] [1791563225.248061210] [pid_maze_solver]: TURN_SETTLING P11 stage=TURN reason=angle | error=1.557880 rad tol=0.010000 angle_ok=0 | measured_wz=0.007235 limit=0.050000 angular_ok=1 | linear_speed=0.001045 limit=0.010000 linear_ok=1 | hold_ros=0.000/0.200 s | stage_ros=0.268 stage_wall=0.520 s
[INFO] [1791563225.590965704] [pid_maze_solver]: P11 TURN distance=0.444 yaw_error=1.537 cmd=(0.000,0.000,0.257)
[INFO] [1791563225.748197330] [pid_maze_solver]: TURN_SETTLING P11 stage=TURN reason=angle | error=1.517973 rad tol=0.010000 angle_ok=0 | measured_wz=0.027938 limit=0.050000 angular_ok=1 | linear_speed=0.000898 limit=0.010000 linear_ok=1 | hold_ros=0.000/0.200 s | stage_ros=0.513 stage_wall=1.020 s
[INFO] [1791563226.268055503] [pid_maze_solver]: TURN_SETTLING P11 stage=TURN reason=angle | error=1.436136 rad tol=0.010000 angle_ok=0 | measured_wz=0.068300 limit=0.050000 angular_ok=0 | linear_speed=0.000772 limit=0.010000 linear_ok=1 | hold_ros=0.000/0.200 s | stage_ros=0.783 stage_wall=1.540 s
[INFO] [1791563226.768061085] [pid_maze_solver]: TURN_SETTLING P11 stage=TURN reason=angle | error=1.269524 rad tol=0.010000 angle_ok=0 | measured_wz=0.144801 limit=0.050000 angular_ok=0 | linear_speed=0.001692 limit=0.010000 linear_ok=1 | hold_ros=0.000/0.200 s | stage_ros=1.039 stage_wall=2.040 s
[INFO] [1791563227.288064947] [pid_maze_solver]: TURN_SETTLING P11 stage=TURN reason=angle | error=1.087545 rad tol=0.010000 angle_ok=0 | measured_wz=0.223611 limit=0.050000 angular_ok=0 | linear_speed=0.000541 limit=0.010000 linear_ok=1 | hold_ros=0.000/0.200 s | stage_ros=1.328 stage_wall=2.560 s
[INFO] [1791563227.498596677] [pid_maze_solver]: P11 TURN distance=0.444 yaw_error=1.012 cmd=(0.000,0.000,0.600)
[INFO] [1791563227.788072944] [pid_maze_solver]: TURN_SETTLING P11 stage=TURN reason=angle | error=0.922202 rad tol=0.010000 angle_ok=0 | measured_wz=0.278550 limit=0.050000 angular_ok=0 | linear_speed=0.001217 limit=0.010000 linear_ok=1 | hold_ros=0.000/0.200 s | stage_ros=1.575 stage_wall=3.060 s
[INFO] [1791563228.348072259] [pid_maze_solver]: TURN_SETTLING P11 stage=TURN reason=angle | error=0.743806 rad tol=0.010000 angle_ok=0 | measured_wz=0.338687 limit=0.050000 angular_ok=0 | linear_speed=0.000390 limit=0.010000 linear_ok=1 | hold_ros=0.000/0.200 s | stage_ros=1.840 stage_wall=3.620 s
[INFO] [1791563228.848078870] [pid_maze_solver]: TURN_SETTLING P11 stage=TURN reason=angle | error=0.617115 rad tol=0.010000 angle_ok=0 | measured_wz=0.362994 limit=0.050000 angular_ok=0 | linear_speed=0.000335 limit=0.010000 linear_ok=1 | hold_ros=0.000/0.200 s | stage_ros=2.075 stage_wall=4.120 s
[INFO] [1791563229.388086313] [pid_maze_solver]: TURN_SETTLING P11 stage=TURN reason=angle | error=0.456941 rad tol=0.010000 angle_ok=0 | measured_wz=0.401771 limit=0.050000 angular_ok=0 | linear_speed=0.000288 limit=0.010000 linear_ok=1 | hold_ros=0.000/0.200 s | stage_ros=2.342 stage_wall=4.660 s
[INFO] [1791563229.530158429] [pid_maze_solver]: P11 TURN distance=0.444 yaw_error=0.384 cmd=(0.000,0.000,0.559)
[INFO] [1791563229.888107997] [pid_maze_solver]: TURN_SETTLING P11 stage=TURN reason=angle | error=0.247718 rad tol=0.010000 angle_ok=0 | measured_wz=0.443863 limit=0.050000 angular_ok=0 | linear_speed=0.000235 limit=0.010000 linear_ok=1 | hold_ros=0.000/0.200 s | stage_ros=2.613 stage_wall=5.160 s
[INFO] [1791563230.388134102] [pid_maze_solver]: TURN_SETTLING P11 stage=TURN reason=angle | error=0.143242 rad tol=0.010000 angle_ok=0 | measured_wz=0.442547 limit=0.050000 angular_ok=0 | linear_speed=0.000202 limit=0.010000 linear_ok=1 | hold_ros=0.000/0.200 s | stage_ros=2.867 stage_wall=5.660 s
[INFO] [1791563230.928091667] [pid_maze_solver]: TURN_SETTLING P11 stage=TURN reason=angle | error=0.075130 rad tol=0.010000 angle_ok=0 | measured_wz=0.421794 limit=0.050000 angular_ok=0 | linear_speed=0.000173 limit=0.010000 linear_ok=1 | hold_ros=0.000/0.200 s | stage_ros=3.133 stage_wall=6.200 s
[INFO] [1791563231.428136605] [pid_maze_solver]: TURN_SETTLING P11 stage=TURN reason=angle | error=0.041448 rad tol=0.010000 angle_ok=0 | measured_wz=0.376639 limit=0.050000 angular_ok=0 | linear_speed=0.000145 limit=0.010000 linear_ok=1 | hold_ros=0.000/0.200 s | stage_ros=3.403 stage_wall=6.700 s
[INFO] [1791563231.470894665] [pid_maze_solver]: P11 TURN distance=0.444 yaw_error=0.041 cmd=(0.000,0.000,-0.034)
[INFO] [1791563231.948089125] [pid_maze_solver]: TURN_SETTLING P11 stage=TURN reason=angle | error=0.045877 rad tol=0.010000 angle_ok=0 | measured_wz=0.325428 limit=0.050000 angular_ok=0 | linear_speed=0.000125 limit=0.010000 linear_ok=1 | hold_ros=0.000/0.200 s | stage_ros=3.659 stage_wall=7.220 s
[INFO] [1791563232.468074672] [pid_maze_solver]: TURN_SETTLING P11 stage=TURN reason=angle | error=0.053137 rad tol=0.010000 angle_ok=0 | measured_wz=0.273088 limit=0.050000 angular_ok=0 | linear_speed=0.000105 limit=0.010000 linear_ok=1 | hold_ros=0.000/0.200 s | stage_ros=3.936 stage_wall=7.740 s
[INFO] [1791563232.968111236] [pid_maze_solver]: TURN_SETTLING P11 stage=TURN reason=angle | error=0.050861 rad tol=0.010000 angle_ok=0 | measured_wz=0.233584 limit=0.050000 angular_ok=0 | linear_speed=0.000088 limit=0.010000 linear_ok=1 | hold_ros=0.000/0.200 s | stage_ros=4.215 stage_wall=8.240 s
[INFO] [1791563233.410753603] [pid_maze_solver]: P11 TURN distance=0.444 yaw_error=0.049 cmd=(0.000,0.000,0.022)
[INFO] [1791563233.488096764] [pid_maze_solver]: TURN_SETTLING P11 stage=TURN reason=angle | error=0.047779 rad tol=0.010000 angle_ok=0 | measured_wz=0.205083 limit=0.050000 angular_ok=0 | linear_speed=0.000075 limit=0.010000 linear_ok=1 | hold_ros=0.000/0.200 s | stage_ros=4.453 stage_wall=8.760 s
[INFO] [1791563233.989063685] [pid_maze_solver]: TURN_SETTLING P11 stage=TURN reason=angle | error=0.042520 rad tol=0.010000 angle_ok=0 | measured_wz=0.177269 limit=0.050000 angular_ok=0 | linear_speed=0.000063 limit=0.010000 linear_ok=1 | hold_ros=0.000/0.200 s | stage_ros=4.714 stage_wall=9.261 s
[INFO] [1791563234.508103818] [pid_maze_solver]: TURN_SETTLING P11 stage=TURN reason=angle | error=0.037068 rad tol=0.010000 angle_ok=0 | measured_wz=0.153679 limit=0.050000 angular_ok=0 | linear_speed=0.000053 limit=0.010000 linear_ok=1 | hold_ros=0.000/0.200 s | stage_ros=4.967 stage_wall=9.780 s
[INFO] [1791563235.028108201] [pid_maze_solver]: TURN_SETTLING P11 stage=TURN reason=angle | error=0.032867 rad tol=0.010000 angle_ok=0 | measured_wz=0.136033 limit=0.050000 angular_ok=0 | linear_speed=0.000045 limit=0.010000 linear_ok=1 | hold_ros=0.000/0.200 s | stage_ros=5.248 stage_wall=10.300 s
[INFO] [1791563235.371602265] [pid_maze_solver]: P11 TURN distance=0.444 yaw_error=0.029 cmd=(0.000,0.000,0.017)
[INFO] [1791563235.528118267] [pid_maze_solver]: TURN_SETTLING P11 stage=TURN reason=angle | error=0.027486 rad tol=0.010000 angle_ok=0 | measured_wz=0.118582 limit=0.050000 angular_ok=0 | linear_speed=0.000038 limit=0.010000 linear_ok=1 | hold_ros=0.000/0.200 s | stage_ros=5.509 stage_wall=10.800 s
[INFO] [1791563236.048126878] [pid_maze_solver]: TURN_SETTLING P11 stage=TURN reason=angle | error=0.023625 rad tol=0.010000 angle_ok=0 | measured_wz=0.105274 limit=0.050000 angular_ok=0 | linear_speed=0.000033 limit=0.010000 linear_ok=1 | hold_ros=0.000/0.200 s | stage_ros=5.774 stage_wall=11.320 s
[INFO] [1791563236.588128868] [pid_maze_solver]: TURN_SETTLING P11 stage=TURN reason=angle | error=0.019779 rad tol=0.010000 angle_ok=0 | measured_wz=0.091597 limit=0.050000 angular_ok=0 | linear_speed=0.000027 limit=0.010000 linear_ok=1 | hold_ros=0.000/0.200 s | stage_ros=6.039 stage_wall=11.860 s
[INFO] [1791563237.108133736] [pid_maze_solver]: TURN_SETTLING P11 stage=TURN reason=angle | error=0.016391 rad tol=0.010000 angle_ok=0 | measured_wz=0.079735 limit=0.050000 angular_ok=0 | linear_speed=0.000023 limit=0.010000 linear_ok=1 | hold_ros=0.000/0.200 s | stage_ros=6.328 stage_wall=12.380 s
[INFO] [1791563237.310203605] [pid_maze_solver]: P11 TURN distance=0.444 yaw_error=0.015 cmd=(0.000,0.000,0.010)
[INFO] [1791563237.628130535] [pid_maze_solver]: TURN_SETTLING P11 stage=TURN reason=angle | error=0.013444 rad tol=0.010000 angle_ok=0 | measured_wz=0.067839 limit=0.050000 angular_ok=0 | linear_speed=0.000019 limit=0.010000 linear_ok=1 | hold_ros=0.000/0.200 s | stage_ros=6.595 stage_wall=12.900 s
[INFO] [1791563238.169808143] [pid_maze_solver]: TURN_SETTLING P11 stage=TURN reason=angle | error=0.011892 rad tol=0.010000 angle_ok=0 | measured_wz=0.061271 limit=0.050000 angular_ok=0 | linear_speed=0.000016 limit=0.010000 linear_ok=1 | hold_ros=0.000/0.200 s | stage_ros=6.835 stage_wall=13.441 s
[INFO] [1791563238.688166387] [pid_maze_solver]: TURN_SETTLING P11 stage=TURN reason=angular_speed | error=0.009746 rad tol=0.010000 angle_ok=1 | measured_wz=0.053284 limit=0.050000 angular_ok=0 | linear_speed=0.000014 limit=0.010000 linear_ok=1 | hold_ros=0.000/0.200 s | stage_ros=7.118 stage_wall=13.960 s
[INFO] [1791563239.188181258] [pid_maze_solver]: TURN_SETTLING P11 stage=TURN reason=hold | error=0.009040 rad tol=0.010000 angle_ok=1 | measured_wz=0.046754 limit=0.050000 angular_ok=1 | linear_speed=0.000032 limit=0.010000 linear_ok=1 | hold_ros=0.056/0.200 s | stage_ros=7.369 stage_wall=14.460 s
[INFO] [1791563239.488185784] [pid_maze_solver]: P11 MOVE
[INFO] [1791563239.511687142] [pid_maze_solver]: P11 MOVE distance=0.444 yaw_error=0.009 cmd=(0.004,-0.004,0.001)
[INFO] [1791563241.491551204] [pid_maze_solver]: P11 MOVE distance=0.300 yaw_error=0.007 cmd=(0.228,-0.002,0.003)
[INFO] [1791563243.410954958] [pid_maze_solver]: P11 MOVE distance=0.114 yaw_error=0.003 cmd=(0.120,-0.000,0.001)
[INFO] [1791563245.351753580] [pid_maze_solver]: P11 MOVE distance=0.023 yaw_error=0.002 cmd=(0.035,-0.000,0.001)
[INFO] [1791563246.488215280] [pid_maze_solver]: Reached P11: distance=0.012193 heading_error=0.001762
[INFO] [1791563246.488282655] [pid_maze_solver]: Target P12: x=1.502492 y=0.279507 yaw=3.141593; MOVE with reused stop
[INFO] [1791563246.488325803] [pid_maze_solver]: P12 MOVE (reused qualifiedstop; unchanged heading)
[INFO] [1791563247.270951791] [pid_maze_solver]: P12 MOVE distance=0.238 yaw_error=0.002 cmd=(0.009,0.163,0.001)
[INFO] [1791563249.270602899] [pid_maze_solver]: P12 MOVE distance=0.098 yaw_error=0.001 cmd=(0.004,0.115,0.000)
[INFO] [1791563251.211919397] [pid_maze_solver]: P12 MOVE distance=0.018 yaw_error=0.000 cmd=(-0.003,0.027,0.000)
[INFO] [1791563251.948263735] [pid_maze_solver]: Reached P12: distance=0.013019 heading_error=0.000452
[INFO] [1791563251.948668358] [pid_maze_solver]: Target P13: x=0.974492 y=0.279507 yaw=3.141593; MOVE with reused stop
[INFO] [1791563251.948701645] [pid_maze_solver]: P13 MOVE (reused qualifiedstop; unchanged heading)
[INFO] [1791563253.090566862] [pid_maze_solver]: P13 MOVE distance=0.483 yaw_error=0.000 cmd=(0.113,0.015,0.000)
[INFO] [1791563255.031504355] [pid_maze_solver]: P13 MOVE distance=0.372 yaw_error=0.000 cmd=(0.111,0.006,0.000)
[INFO] [1791563256.991796721] [pid_maze_solver]: P13 MOVE distance=0.253 yaw_error=0.000 cmd=(0.120,0.001,0.000)
[INFO] [1791563258.953715686] [pid_maze_solver]: P13 MOVE distance=0.133 yaw_error=0.000 cmd=(0.120,-0.002,0.000)
[INFO] [1791563260.912420156] [pid_maze_solver]: P13 MOVE distance=0.031 yaw_error=0.000 cmd=(0.046,-0.005,0.000)
[INFO] [1791563262.268342353] [pid_maze_solver]: Reached P13: distance=0.012065 heading_error=0.000020
[INFO] [1791563262.268407141] [pid_maze_solver]: Target P14: x=0.707206 y=0.546794 yaw=2.356194; TURN then MOVE
[INFO] [1791563262.308289979] [pid_maze_solver]: TURN_SETTLING P14 stage=TURN reason=angle | error=-0.785378 rad tol=0.010000 angle_ok=0 | measured_wz=0.000116 limit=0.050000 angular_ok=1 | linear_speed=0.001109 limit=0.010000 linear_ok=1 | hold_ros=0.000/0.200 s | stage_ros=0.013 stage_wall=0.040 s
[INFO] [1791563262.808298518] [pid_maze_solver]: TURN_SETTLING P14 stage=TURN reason=angle | error=-0.779818 rad tol=0.010000 angle_ok=0 | measured_wz=-0.002939 limit=0.050000 angular_ok=1 | linear_speed=0.002669 limit=0.010000linear_ok=1 | hold_ros=0.000/0.200 s | stage_ros=0.275 stage_wall=0.540 s
[INFO] [1791563262.870146900] [pid_maze_solver]: P14 TURN distance=0.388 yaw_error=-0.780 cmd=(0.000,0.000,-0.180)
[INFO] [1791563263.328286616] [pid_maze_solver]: TURN_SETTLING P14 stage=TURN reason=angle | error=-0.730358 rad tol=0.010000 angle_ok=0 | measured_wz=-0.028851 limit=0.050000 angular_ok=1 | linear_speed=0.000854 limit=0.010000linear_ok=1 | hold_ros=0.000/0.200 s | stage_ros=0.541 stage_wall=1.060 s
[INFO] [1791563263.868309301] [pid_maze_solver]: TURN_SETTLING P14 stage=TURN reason=angle | error=-0.629810 rad tol=0.010000 angle_ok=0 | measured_wz=-0.077552 limit=0.050000 angular_ok=0 | linear_speed=0.000716 limit=0.010000linear_ok=1 | hold_ros=0.000/0.200 s | stage_ros=0.812 stage_wall=1.600 s
[INFO] [1791563264.388313331] [pid_maze_solver]: TURN_SETTLING P14 stage=TURN reason=angle | error=-0.497148 rad tol=0.010000 angle_ok=0 | measured_wz=-0.135013 limit=0.050000 angular_ok=0 | linear_speed=0.001609 limit=0.010000linear_ok=1 | hold_ros=0.000/0.200 s | stage_ros=1.077 stage_wall=2.120 s
[INFO] [1791563264.830233273] [pid_maze_solver]: P14 TURN distance=0.388 yaw_error=-0.351 cmd=(0.000,0.000,-0.564)
[INFO] [1791563264.908305022] [pid_maze_solver]: TURN_SETTLING P14 stage=TURN reason=angle | error=-0.326794 rad tol=0.010000 angle_ok=0 | measured_wz=-0.207324 limit=0.050000 angular_ok=0 | linear_speed=0.000515 limit=0.010000linear_ok=1 | hold_ros=0.000/0.200 s | stage_ros=1.325 stage_wall=2.640 s
[INFO] [1791563265.408317872] [pid_maze_solver]: TURN_SETTLING P14 stage=TURN reason=angle | error=-0.171495 rad tol=0.010000 angle_ok=0 | measured_wz=-0.258121 limit=0.050000 angular_ok=0 | linear_speed=0.000431 limit=0.010000linear_ok=1 | hold_ros=0.000/0.200 s | stage_ros=1.600 stage_wall=3.140 s
[INFO] [1791563265.908322985] [pid_maze_solver]: TURN_SETTLING P14 stage=TURN reason=angle | error=-0.068212 rad tol=0.010000 angle_ok=0 | measured_wz=-0.286300 limit=0.050000 angular_ok=0 | linear_speed=0.000380 limit=0.010000linear_ok=1 | hold_ros=0.000/0.200 s | stage_ros=1.826 stage_wall=3.640 s
[INFO] [1791563266.448352202] [pid_maze_solver]: TURN_SETTLING P14 stage=TURN reason=angular_speed | error=-0.007141 rad tol=0.010000 angle_ok=1 | measured_wz=-0.275984 limit=0.050000 angular_ok=0 | linear_speed=0.000318 limit=0.010000 linear_ok=1 | hold_ros=0.000/0.200 s | stage_ros=2.112 stage_wall=4.180 s
[INFO] [1791563266.948367567] [pid_maze_solver]: TURN_SETTLING P14 stage=TURN reason=angular_speed | error=0.008955 rad tol=0.010000 angle_ok=1 | measured_wz=-0.242890 limit=0.050000 angular_ok=0 | linear_speed=0.000267 limit=0.010000 linear_ok=1 | hold_ros=0.000/0.200 s | stage_ros=2.385 stage_wall=4.680 s
[INFO] [1791563267.468358341] [pid_maze_solver]: TURN_SETTLING P14 stage=TURN reason=angular_speed | error=0.008955 rad tol=0.010000 angle_ok=1 | measured_wz=-0.201918 limit=0.050000 angular_ok=0 | linear_speed=0.000218 limit=0.010000 linear_ok=1 | hold_ros=0.000/0.200 s | stage_ros=2.685 stage_wall=5.200 s
[INFO] [1791563267.851384567] [pid_maze_solver]: P14 TURN distance=0.388 yaw_error=0.016 cmd=(0.000,0.000,-0.103)
[INFO] [1791563267.988336062] [pid_maze_solver]: TURN_SETTLING P14 stage=TURN reason=angle | error=0.016331 rad tol=0.010000 angle_ok=0 | measured_wz=-0.179899 limit=0.050000 angular_ok=0 | linear_speed=0.000510 limit=0.010000 linear_ok=1 | hold_ros=0.000/0.200 s | stage_ros=2.949 stage_wall=5.720 s
[INFO] [1791563268.528335662] [pid_maze_solver]: TURN_SETTLING P14 stage=TURN reason=angle | error=0.017630 rad tol=0.010000 angle_ok=0 | measured_wz=-0.154076 limit=0.050000 angular_ok=0 | linear_speed=0.000157 limit=0.010000 linear_ok=1 | hold_ros=0.000/0.200 s | stage_ros=3.215 stage_wall=6.260 s
[INFO] [1791563269.028377183] [pid_maze_solver]: TURN_SETTLING P14 stage=TURN reason=angular_speed | error=-0.001518 rad tol=0.010000 angle_ok=1 | measured_wz=-0.120725 limit=0.050000 angular_ok=0 | linear_speed=0.000131 limit=0.010000 linear_ok=1 | hold_ros=0.000/0.200 s | stage_ros=3.497 stage_wall=6.760 s
[INFO] [1791563269.548357210] [pid_maze_solver]: TURN_SETTLING P14 stage=TURN reason=angular_speed | error=-0.001518 rad tol=0.010000 angle_ok=1 | measured_wz=-0.102705 limit=0.050000 angular_ok=0 | linear_speed=0.000110 limit=0.010000 linear_ok=1 | hold_ros=0.000/0.200 s | stage_ros=3.763 stage_wall=7.280 s
[INFO] [1791563270.048376669] [pid_maze_solver]: TURN_SETTLING P14 stage=TURN reason=angular_speed | error=-0.001518 rad tol=0.010000 angle_ok=1 | measured_wz=-0.089416 limit=0.050000 angular_ok=0 | linear_speed=0.000095 limit=0.010000 linear_ok=1 | hold_ros=0.000/0.200 s | stage_ros=4.033 stage_wall=7.780 s
[INFO] [1791563270.568374156] [pid_maze_solver]: TURN_SETTLING P14 stage=TURN reason=angular_speed | error=-0.001518 rad tol=0.010000 angle_ok=1 | measured_wz=-0.076069 limit=0.050000 angular_ok=0 | linear_speed=0.000079 limit=0.010000 linear_ok=1 | hold_ros=0.000/0.200 s | stage_ros=4.304 stage_wall=8.300 s
[INFO] [1791563271.068386798] [pid_maze_solver]: TURN_SETTLING P14 stage=TURN reason=angular_speed | error=-0.001518 rad tol=0.010000 angle_ok=1 | measured_wz=-0.064715 limit=0.050000 angular_ok=0 | linear_speed=0.000066 limit=0.010000 linear_ok=1 | hold_ros=0.000/0.200 s | stage_ros=4.562 stage_wall=8.800 s
[INFO] [1791563271.608388829] [pid_maze_solver]: TURN_SETTLING P14 stage=TURN reason=angular_speed | error=-0.001518 rad tol=0.010000 angle_ok=1 | measured_wz=-0.056341 limit=0.050000 angular_ok=0 | linear_speed=0.000057 limit=0.010000 linear_ok=1 | hold_ros=0.000/0.200 s | stage_ros=4.815 stage_wall=9.340 s
[INFO] [1791563272.128381746] [pid_maze_solver]: TURN_SETTLING P14 stage=TURN reason=hold | error=-0.001518 rad tol=0.010000 angle_ok=1 | measured_wz=-0.047931 limit=0.050000 angular_ok=1 | linear_speed=0.000048 limit=0.010000 linear_ok=1 | hold_ros=0.044/0.200 s | stage_ros=5.100 stage_wall=9.860 s
[INFO] [1791563272.428414471] [pid_maze_solver]: P14 MOVE
[INFO] [1791563272.450945532] [pid_maze_solver]: P14 MOVE distance=0.388 yaw_error=-0.002 cmd=(0.007,-0.000,0.008)
[INFO] [1791563274.470747549] [pid_maze_solver]: P14 MOVE distance=0.288 yaw_error=-0.005 cmd=(0.120,-0.001,-0.002)
[INFO] [1791563276.511068973] [pid_maze_solver]: P14 MOVE distance=0.164 yaw_error=-0.003 cmd=(0.120,-0.000,-0.002)
[INFO] [1791563278.540639962] [pid_maze_solver]: P14 MOVE distance=0.051 yaw_error=-0.002 cmd=(0.077,0.005,-0.001)
[INFO] [1791563280.448451184] [pid_maze_solver]: Reached P14: distance=0.012269 heading_error=-0.001298
[INFO] [1791563280.448515920] [pid_maze_solver]: Target P15: x=0.093709 y=0.596291 yaw=3.141593; TURN then MOVE
[INFO] [1791563280.468697915] [pid_maze_solver]: TURN_SETTLING P15 stage=TURN reason=angle | error=0.784100 rad tol=0.010000 angle_ok=0 | measured_wz=-0.004890 limit=0.050000 angular_ok=1 | linear_speed=0.001008 limit=0.010000 linear_ok=1 | hold_ros=0.000/0.200 s | stage_ros=0.012 stage_wall=0.020 s
[INFO] [1791563280.471764213] [pid_maze_solver]: P15 TURN distance=0.625 yaw_error=0.784 cmd=(0.000,0.000,0.007)
[INFO] [1791563280.988409994] [pid_maze_solver]: TURN_SETTLING P15 stage=TURN reason=angle | error=0.775776 rad tol=0.010000 angle_ok=0 | measured_wz=0.000412 limit=0.050000 angular_ok=1 | linear_speed=0.000910 limit=0.010000 linear_ok=1 | hold_ros=0.000/0.200 s | stage_ros=0.297 stage_wall=0.540 s
[INFO] [1791563281.488414672] [pid_maze_solver]: TURN_SETTLING P15 stage=TURN reason=angle | error=0.719411 rad tol=0.010000 angle_ok=0 | measured_wz=0.031171 limit=0.050000 angular_ok=1 | linear_speed=0.000782 limit=0.010000 linear_ok=1 | hold_ros=0.000/0.200 s | stage_ros=0.546 stage_wall=1.040 s
[INFO] [1791563281.988433759] [pid_maze_solver]: TURN_SETTLING P15 stage=TURN reason=angle | error=0.609122 rad tol=0.010000 angle_ok=0 | measured_wz=0.086021 limit=0.050000 angular_ok=0 | linear_speed=0.000655 limit=0.010000 linear_ok=1 | hold_ros=0.000/0.200 s | stage_ros=0.786 stage_wall=1.540 s
[INFO] [1791563282.412553167] [pid_maze_solver]: P15 TURN distance=0.625 yaw_error=0.522 cmd=(0.000,0.000,0.600)
[INFO] [1791563282.508422940] [pid_maze_solver]: TURN_SETTLING P15 stage=TURN reason=angle | error=0.472716 rad tol=0.010000 angle_ok=0 | measured_wz=0.149483 limit=0.050000 angular_ok=0 | linear_speed=0.000563 limit=0.010000 linear_ok=1 | hold_ros=0.000/0.200 s | stage_ros=1.057 stage_wall=2.060 s
[INFO] [1791563283.048430004] [pid_maze_solver]: TURN_SETTLING P15 stage=TURN reason=angle | error=0.310754 rad tol=0.010000 angle_ok=0 | measured_wz=0.214159 limit=0.050000 angular_ok=0 | linear_speed=0.000471 limit=0.010000 linear_ok=1 | hold_ros=0.000/0.200 s | stage_ros=1.333 stage_wall=2.600 s
[INFO] [1791563283.568433838] [pid_maze_solver]: TURN_SETTLING P15 stage=TURN reason=angle | error=0.142904 rad tol=0.010000 angle_ok=0 | measured_wz=0.270419 limit=0.050000 angular_ok=0 | linear_speed=0.000395 limit=0.010000 linear_ok=1 | hold_ros=0.000/0.200 s | stage_ros=1.610 stage_wall=3.120 s
[INFO] [1791563284.088425160] [pid_maze_solver]: TURN_SETTLING P15 stage=TURN reason=angle | error=0.041475 rad tol=0.010000 angle_ok=0 | measured_wz=0.289486 limit=0.050000 angular_ok=0 | linear_speed=0.000339 limit=0.010000 linear_ok=1 | hold_ros=0.000/0.200 s | stage_ros=1.862 stage_wall=3.640 s
[INFO] [1791563284.470413886] [pid_maze_solver]: P15 TURN distance=0.625 yaw_error=-0.013 cmd=(0.000,0.000,0.181)
[INFO] [1791563284.588455279] [pid_maze_solver]: TURN_SETTLING P15 stage=TURN reason=angle | error=-0.014125 rad tol=0.010000 angle_ok=0 | measured_wz=0.274757 limit=0.050000 angular_ok=0 | linear_speed=0.000284 limit=0.010000 linear_ok=1 | hold_ros=0.000/0.200 s | stage_ros=2.112 stage_wall=4.140 s
[INFO] [1791563285.108459543] [pid_maze_solver]: TURN_SETTLING P15 stage=TURN reason=angle | error=-0.042796 rad tol=0.010000 angle_ok=0 | measured_wz=0.248786 limit=0.050000 angular_ok=0 | linear_speed=0.000238 limit=0.010000 linear_ok=1 | hold_ros=0.000/0.200 s | stage_ros=2.394 stage_wall=4.660 s
[INFO] [1791563285.628451720] [pid_maze_solver]: TURN_SETTLING P15 stage=TURN reason=angle | error=-0.028716 rad tol=0.010000 angle_ok=0 | measured_wz=0.208674 limit=0.050000 angular_ok=0 | linear_speed=0.000204 limit=0.010000 linear_ok=1 | hold_ros=0.000/0.200 s | stage_ros=2.642 stage_wall=5.180 s
[INFO] [1791563286.168489003] [pid_maze_solver]: TURN_SETTLING P15 stage=TURN reason=angular_speed | error=0.005298 rad tol=0.010000 angle_ok=1 | measured_wz=0.159559 limit=0.050000 angular_ok=0 | linear_speed=0.000171 limit=0.010000 linear_ok=1 | hold_ros=0.000/0.200 s | stage_ros=2.922 stage_wall=5.720 s
[INFO] [1791563286.688507633] [pid_maze_solver]: TURN_SETTLING P15 stage=TURN reason=angular_speed | error=-0.000131 rad tol=0.010000 angle_ok=1 | measured_wz=0.135742 limit=0.050000 angular_ok=0 | linear_speed=0.000375 limit=0.010000 linear_ok=1 | hold_ros=0.000/0.200 s | stage_ros=3.202 stage_wall=6.240 s
[INFO] [1791563287.208495655] [pid_maze_solver]: TURN_SETTLING P15 stage=TURN reason=angular_speed | error=0.005298 rad tol=0.010000 angle_ok=1 | measured_wz=0.118179 limit=0.050000 angular_ok=0 | linear_speed=0.000123 limit=0.010000 linear_ok=1 | hold_ros=0.000/0.200 s | stage_ros=3.460 stage_wall=6.760 s
[INFO] [1791563287.728508118] [pid_maze_solver]: TURN_SETTLING P15 stage=TURN reason=angular_speed | error=0.005298 rad tol=0.010000 angle_ok=1 | measured_wz=0.100539 limit=0.050000 angular_ok=0 | linear_speed=0.000103 limit=0.010000 linear_ok=1 | hold_ros=0.000/0.200 s | stage_ros=3.719 stage_wall=7.280 s
[INFO] [1791563288.248496366] [pid_maze_solver]: TURN_SETTLING P15 stage=TURN reason=angular_speed | error=0.005298 rad tol=0.010000 angle_ok=1 | measured_wz=0.085532 limit=0.050000 angular_ok=0 | linear_speed=0.000086 limit=0.010000 linear_ok=1 | hold_ros=0.000/0.200 s | stage_ros=4.001 stage_wall=7.800 s
[INFO] [1791563288.748509361] [pid_maze_solver]: TURN_SETTLING P15 stage=TURN reason=angular_speed | error=0.005298 rad tol=0.010000 angle_ok=1 | measured_wz=0.074465 limit=0.050000 angular_ok=0 | linear_speed=0.000199 limit=0.010000 linear_ok=1 | hold_ros=0.000/0.200 s | stage_ros=4.259 stage_wall=8.300 s
[INFO] [1791563289.268515140] [pid_maze_solver]: TURN_SETTLING P15 stage=TURN reason=angular_speed | error=0.005298 rad tol=0.010000 angle_ok=1 | measured_wz=0.063350 limit=0.050000 angular_ok=0 | linear_speed=0.000062 limit=0.010000 linear_ok=1 | hold_ros=0.000/0.200 s | stage_ros=4.519 stage_wall=8.820 s
[INFO] [1791563289.788505797] [pid_maze_solver]: TURN_SETTLING P15 stage=TURN reason=angular_speed | error=0.005298 rad tol=0.010000 angle_ok=1 | measured_wz=0.053894 limit=0.050000 angular_ok=0 | linear_speed=0.000052 limit=0.010000 linear_ok=1 | hold_ros=0.000/0.200 s | stage_ros=4.805 stage_wall=9.340 s
[INFO] [1791563290.288509588] [pid_maze_solver]: TURN_SETTLING P15 stage=TURN reason=hold | error=0.005298 rad tol=0.010000 angle_ok=1 | measured_wz=0.046921 limit=0.050000 angular_ok=1 | linear_speed=0.000045 limit=0.010000 linear_ok=1 | hold_ros=0.096/0.200 s | stage_ros=5.056 stage_wall=9.840 s
[INFO] [1791563290.508504876] [pid_maze_solver]: P15 MOVE
[INFO] [1791563290.531080773] [pid_maze_solver]: P15 MOVE distance=0.626 yaw_error=0.005 cmd=(0.007,-0.007,-0.006)
[INFO] [1791563292.551420107] [pid_maze_solver]: P15 MOVE distance=0.473 yaw_error=0.006 cmd=(0.239,-0.016,0.002)
[INFO] [1791563294.208556024] [pid_maze_solver]: SIDE_CENTER P15 left=0.321right=0.221 target_offset=0.004 m
[INFO] [1791563294.511829032] [pid_maze_solver]: P15 MOVE distance=0.239 yaw_error=0.004 cmd=(0.189,0.010,0.002)
[INFO] [1791563296.028594447] [pid_maze_solver]: SIDE_CENTER P15 left=0.302right=0.239 target_offset=0.044 m
[INFO] [1791563296.371321584] [pid_maze_solver]: P15 MOVE distance=0.091 yaw_error=0.002 cmd=(0.116,0.031,0.001)
[INFO] [1791563297.968572866] [pid_maze_solver]: SIDE_CENTER P15 left=0.278right=0.264 target_offset=0.054 m
[INFO] [1791563298.312224564] [pid_maze_solver]: P15 MOVE distance=0.016 yaw_error=0.001 cmd=(0.022,0.008,0.001)
[INFO] [1791563298.988574270] [pid_maze_solver]: Reached P15: distance=0.012350 heading_error=0.001020
[INFO] [1791563298.988641103] [pid_maze_solver]: Final clockwise turn: start=3.140573 target=-0.001020 delta=-3.141593 rad
[INFO] [1791563299.008536603] [pid_maze_solver]: TURN_SETTLING P15 stage=FINAL_TURN reason=angle | error=-3.141593 rad tol=0.010000 angle_ok=0 | measured_wz=0.004363 limit=0.050000 angular_ok=1 | linear_speed=0.001363 limit=0.010000 linear_ok=1 | hold_ros=0.000/0.200 s | stage_ros=0.002 stage_wall=0.020 s
[INFO] [1791563299.528526403] [pid_maze_solver]: TURN_SETTLING P15 stage=FINAL_TURN reason=angle | error=-3.128978 rad tol=0.010000 angle_ok=0 | measured_wz=-0.003319 limit=0.050000 angular_ok=1 | linear_speed=0.001206 limit=0.010000 linear_ok=1 | hold_ros=0.000/0.200 s | stage_ros=0.270 stage_wall=0.540 s
[INFO] [1791563300.028562513] [pid_maze_solver]: TURN_SETTLING P15 stage=FINAL_TURN reason=angle | error=-3.078151 rad tol=0.010000 angle_ok=0 | measured_wz=-0.030711 limit=0.050000 angular_ok=1 | linear_speed=0.001036 limit=0.010000 linear_ok=1 | hold_ros=0.000/0.200 s | stage_ros=0.517 stage_wall=1.040 s
[INFO] [1791563300.252246406] [pid_maze_solver]: P15 FINAL_TURN distance=0.012 yaw_error=-3.053 cmd=(0.000,0.000,-0.388)
[INFO] [1791563300.548556681] [pid_maze_solver]: TURN_SETTLING P15 stage=FINAL_TURN reason=angle | error=-2.988261 rad tol=0.010000 angle_ok=0 | measured_wz=-0.076003 limit=0.050000 angular_ok=0 | linear_speed=0.000890 limit=0.010000 linear_ok=1 | hold_ros=0.000/0.200 s | stage_ros=0.780 stage_wall=1.560 s
[INFO] [1791563301.068538698] [pid_maze_solver]: TURN_SETTLING P15 stage=FINAL_TURN reason=angle | error=-2.834790 rad tol=0.010000 angle_ok=0 | measured_wz=-0.147942 limit=0.050000 angular_ok=0 | linear_speed=0.000746 limit=0.010000 linear_ok=1 | hold_ros=0.000/0.200 s | stage_ros=1.046 stage_wall=2.080 s
[INFO] [1791563301.568548651] [pid_maze_solver]: TURN_SETTLING P15 stage=FINAL_TURN reason=angle | error=-2.673141 rad tol=0.010000 angle_ok=0 | measured_wz=-0.211380 limit=0.050000 angular_ok=0 | linear_speed=0.000625 limit=0.010000 linear_ok=1 | hold_ros=0.000/0.200 s | stage_ros=1.328 stage_wall=2.580 s
[INFO] [1791563302.088563675] [pid_maze_solver]: TURN_SETTLING P15 stage=FINAL_TURN reason=angle | error=-2.510679 rad tol=0.010000 angle_ok=0 | measured_wz=-0.270950 limit=0.050000 angular_ok=0 | linear_speed=0.000537 limit=0.010000 linear_ok=1 | hold_ros=0.000/0.200 s | stage_ros=1.577 stage_wall=3.100 s
[INFO] [1791563302.211344666] [pid_maze_solver]: P15 FINAL_TURN distance=0.012 yaw_error=-2.429 cmd=(0.000,0.000,-0.600)
[INFO] [1791563302.648559045] [pid_maze_solver]: TURN_SETTLING P15 stage=FINAL_TURN reason=angle | error=-2.280224 rad tol=0.010000 angle_ok=0 | measured_wz=-0.346005 limit=0.050000 angular_ok=0 | linear_speed=0.001177 limit=0.010000 linear_ok=1 | hold_ros=0.000/0.200 s | stage_ros=1.861 stage_wall=3.660 s
[INFO] [1791563303.169784459] [pid_maze_solver]: TURN_SETTLING P15 stage=FINAL_TURN reason=angle | error=-2.077450 rad tol=0.010000 angle_ok=0 | measured_wz=-0.402171 limit=0.050000 angular_ok=0 | linear_speed=0.000367 limit=0.010000 linear_ok=1 | hold_ros=0.000/0.200 s | stage_ros=2.146 stage_wall=4.181 s
[INFO] [1791563303.689057867] [pid_maze_solver]: TURN_SETTLING P15 stage=FINAL_TURN reason=angle | error=-1.942065 rad tol=0.010000 angle_ok=0 | measured_wz=-0.422597 limit=0.050000 angular_ok=0 | linear_speed=0.000315 limit=0.010000 linear_ok=1 | hold_ros=0.000/0.200 s | stage_ros=2.412 stage_wall=4.700 s
[INFO] [1791563304.191383911] [pid_maze_solver]: P15 FINAL_TURN distance=0.012 yaw_error=-1.753 cmd=(0.000,0.000,-0.600)
[INFO] [1791563304.228571355] [pid_maze_solver]: TURN_SETTLING P15 stage=FINAL_TURN reason=angle | error=-1.752527 rad tol=0.010000 angle_ok=0 | measured_wz=-0.470267 limit=0.050000 angular_ok=0 | linear_speed=0.000271 limit=0.010000 linear_ok=1 | hold_ros=0.000/0.200 s | stage_ros=2.655 stage_wall=5.240 s
[INFO] [1791563304.748561248] [pid_maze_solver]: TURN_SETTLING P15 stage=FINAL_TURN reason=angle | error=-1.535913 rad tol=0.010000 angle_ok=0 | measured_wz=-0.506085 limit=0.050000 angular_ok=0 | linear_speed=0.000221 limit=0.010000 linear_ok=1 | hold_ros=0.000/0.200 s | stage_ros=2.946 stage_wall=5.760 s
[INFO] [1791563305.249238037] [pid_maze_solver]: TURN_SETTLING P15 stage=FINAL_TURN reason=angle | error=-1.379964 rad tol=0.010000 angle_ok=0 | measured_wz=-0.514100 limit=0.050000 angular_ok=0 | linear_speed=0.000185 limit=0.010000 linear_ok=1 | hold_ros=0.000/0.200 s | stage_ros=3.225 stage_wall=6.261 s
[INFO] [1791563305.768567568] [pid_maze_solver]: TURN_SETTLING P15 stage=FINAL_TURN reason=angle | error=-1.156837 rad tol=0.010000 angle_ok=0 | measured_wz=-0.555356 limit=0.050000 angular_ok=0 | linear_speed=0.000155 limit=0.010000 linear_ok=1 | hold_ros=0.000/0.200 s | stage_ros=3.477 stage_wall=6.780 s
[INFO] [1791563306.090885082] [pid_maze_solver]: P15 FINAL_TURN distance=0.012 yaw_error=-1.103 cmd=(0.000,0.000,-0.600)
[INFO] [1791563306.268591151] [pid_maze_solver]: TURN_SETTLING P15 stage=FINAL_TURN reason=angle | error=-0.998694 rad tol=0.010000 angle_ok=0 | measured_wz=-0.568958 limit=0.050000 angular_ok=0 | linear_speed=0.000358 limit=0.010000 linear_ok=1 | hold_ros=0.000/0.200 s | stage_ros=3.746 stage_wall=7.280 s
[INFO] [1791563306.788582845] [pid_maze_solver]: TURN_SETTLING P15 stage=FINAL_TURN reason=angle | error=-0.831914 rad tol=0.010000 angle_ok=0 | measured_wz=-0.586422 limit=0.050000 angular_ok=0 | linear_speed=0.000115 limit=0.010000 linear_ok=1 | hold_ros=0.000/0.200 s | stage_ros=4.009 stage_wall=7.800 s
[INFO] [1791563307.308585761] [pid_maze_solver]: TURN_SETTLING P15 stage=FINAL_TURN reason=angle | error=-0.669453 rad tol=0.010000 angle_ok=0 | measured_wz=-0.585159 limit=0.050000 angular_ok=0 | linear_speed=0.000096 limit=0.010000 linear_ok=1 | hold_ros=0.000/0.200 s | stage_ros=4.265 stage_wall=8.320 s
[INFO] [1791563307.808595866] [pid_maze_solver]: TURN_SETTLING P15 stage=FINAL_TURN reason=angle | error=-0.479915 rad tol=0.010000 angle_ok=0 | measured_wz=-0.611466 limit=0.050000 angular_ok=0 | linear_speed=0.000082 limit=0.010000 linear_ok=1 | hold_ros=0.000/0.200 s | stage_ros=4.530 stage_wall=8.820 s
[INFO] [1791563308.031718596] [pid_maze_solver]: P15 FINAL_TURN distance=0.012 yaw_error=-0.374 cmd=(0.000,0.000,-0.563)
[INFO] [1791563308.308606209] [pid_maze_solver]: TURN_SETTLING P15 stage=FINAL_TURN reason=angle | error=-0.345478 rad tol=0.010000 angle_ok=0 | measured_wz=-0.604275 limit=0.050000 angular_ok=0 | linear_speed=0.000071 limit=0.010000 linear_ok=1 | hold_ros=0.000/0.200 s | stage_ros=4.757 stage_wall=9.320 s
[INFO] [1791563308.828598754] [pid_maze_solver]: TURN_SETTLING P15 stage=FINAL_TURN reason=angle | error=-0.192575 rad tol=0.010000 angle_ok=0 | measured_wz=-0.594429 limit=0.050000 angular_ok=0 | linear_speed=0.000059 limit=0.010000 linear_ok=1 | hold_ros=0.000/0.200 s | stage_ros=5.041 stage_wall=9.840 s
[INFO] [1791563309.333779371] [pid_maze_solver]: TURN_SETTLING P15 stage=FINAL_TURN reason=angle | error=-0.114811 rad tol=0.010000 angle_ok=0 | measured_wz=-0.571674 limit=0.050000 angular_ok=0 | linear_speed=0.000052 limit=0.010000 linear_ok=1 | hold_ros=0.000/0.200 s | stage_ros=5.248 stage_wall=10.345 s
[INFO] [1791563309.848601000] [pid_maze_solver]: TURN_SETTLING P15 stage=FINAL_TURN reason=angle | error=-0.048554 rad tol=0.010000 angle_ok=0 | measured_wz=-0.509070 limit=0.050000 angular_ok=0 | linear_speed=0.000115 limit=0.010000 linear_ok=1 | hold_ros=0.000/0.200 s | stage_ros=5.519 stage_wall=10.860 s
[INFO] [1791563310.131079494] [pid_maze_solver]: P15 FINAL_TURN distance=0.012 yaw_error=-0.023 cmd=(0.000,0.000,0.037)
[INFO] [1791563310.388583666] [pid_maze_solver]: TURN_SETTLING P15 stage=FINAL_TURN reason=angle | error=-0.041699 rad tol=0.010000 angle_ok=0 | measured_wz=-0.457135 limit=0.050000 angular_ok=0 | linear_speed=0.000038 limit=0.010000 linear_ok=1 | hold_ros=0.000/0.200 s | stage_ros=5.763 stage_wall=11.400 s
[INFO] [1791563310.888598255] [pid_maze_solver]: TURN_SETTLING P15 stage=FINAL_TURN reason=angle | error=-0.046095 rad tol=0.010000 angle_ok=0 | measured_wz=-0.378661 limit=0.050000 angular_ok=0 | linear_speed=0.000083 limit=0.010000 linear_ok=1 | hold_ros=0.000/0.200 s | stage_ros=6.036 stage_wall=11.900 s
[INFO] [1791563311.388602465] [pid_maze_solver]: TURN_SETTLING P15 stage=FINAL_TURN reason=angle | error=-0.069493 rad tol=0.010000 angle_ok=0 | measured_wz=-0.325269 limit=0.050000 angular_ok=0 | linear_speed=0.000027 limit=0.010000 linear_ok=1 | hold_ros=0.000/0.200 s | stage_ros=6.289 stage_wall=12.400 s
[INFO] [1791563311.909104121] [pid_maze_solver]: TURN_SETTLING P15 stage=FINAL_TURN reason=angle | error=-0.063716 rad tol=0.010000 angle_ok=0 | measured_wz=-0.279863 limit=0.050000 angular_ok=0 | linear_speed=0.000023 limit=0.010000 linear_ok=1 | hold_ros=0.000/0.200 s | stage_ros=6.562 stage_wall=12.920 s
[INFO] [1791563312.051426595] [pid_maze_solver]: P15 FINAL_TURN distance=0.012 yaw_error=-0.061 cmd=(0.000,0.000,-0.024)
[INFO] [1791563312.468645111] [pid_maze_solver]: TURN_SETTLING P15 stage=FINAL_TURN reason=angle | error=-0.056879 rad tol=0.010000 angle_ok=0 | measured_wz=-0.241734 limit=0.050000 angular_ok=0 | linear_speed=0.000019 limit=0.010000 linear_ok=1 | hold_ros=0.000/0.200 s | stage_ros=6.853 stage_wall=13.480 s
[INFO] [1791563312.988621557] [pid_maze_solver]: TURN_SETTLING P15 stage=FINAL_TURN reason=angle | error=-0.047126 rad tol=0.010000 angle_ok=0 | measured_wz=-0.206088 limit=0.050000 angular_ok=0 | linear_speed=0.000016 limit=0.010000 linear_ok=1 | hold_ros=0.000/0.200 s | stage_ros=7.146 stage_wall=14.000 s
[INFO] [1791563313.488632113] [pid_maze_solver]: TURN_SETTLING P15 stage=FINAL_TURN reason=angle | error=-0.034927 rad tol=0.010000 angle_ok=0 | measured_wz=-0.182074 limit=0.050000 angular_ok=0 | linear_speed=0.000035 limit=0.010000 linear_ok=1 | hold_ros=0.000/0.200 s | stage_ros=7.418 stage_wall=14.500 s
[INFO] [1791563313.971010693] [pid_maze_solver]: P15 FINAL_TURN distance=0.012 yaw_error=-0.037 cmd=(0.000,0.000,-0.019)
[INFO] [1791563314.008632709] [pid_maze_solver]: TURN_SETTLING P15 stage=FINAL_TURN reason=angle | error=-0.036957 rad tol=0.010000 angle_ok=0 | measured_wz=-0.161323 limit=0.050000 angular_ok=0 | linear_speed=0.000011 limit=0.010000 linear_ok=1 | hold_ros=0.000/0.200 s | stage_ros=7.661 stage_wall=15.020 s
[INFO] [1791563314.528628659] [pid_maze_solver]: TURN_SETTLING P15 stage=FINAL_TURN reason=angle | error=-0.026918 rad tol=0.010000 angle_ok=0 | measured_wz=-0.142787 limit=0.050000 angular_ok=0 | linear_speed=0.000026 limit=0.010000 linear_ok=1 | hold_ros=0.000/0.200 s | stage_ros=7.932 stage_wall=15.540 s
[INFO] [1791563315.048639542] [pid_maze_solver]: TURN_SETTLING P15 stage=FINAL_TURN reason=angle | error=-0.026560 rad tol=0.010000 angle_ok=0 | measured_wz=-0.121894 limit=0.050000 angular_ok=0 | linear_speed=0.000008 limit=0.010000 linear_ok=1 | hold_ros=0.000/0.200 s | stage_ros=8.188 stage_wall=16.060 s
[INFO] [1791563315.568639573] [pid_maze_solver]: TURN_SETTLING P15 stage=FINAL_TURN reason=angle | error=-0.022488 rad tol=0.010000 angle_ok=0 | measured_wz=-0.105873 limit=0.050000 angular_ok=0 | linear_speed=0.000018 limit=0.010000 linear_ok=1 | hold_ros=0.000/0.200 s | stage_ros=8.458 stage_wall=16.580 s
[INFO] [1791563315.872321558] [pid_maze_solver]: P15 FINAL_TURN distance=0.012 yaw_error=-0.020 cmd=(0.000,0.000,-0.010)
[INFO] [1791563316.088635612] [pid_maze_solver]: TURN_SETTLING P15 stage=FINAL_TURN reason=angle | error=-0.018081 rad tol=0.010000 angle_ok=0 | measured_wz=-0.092397 limit=0.050000 angular_ok=0 | linear_speed=0.000006 limit=0.010000 linear_ok=1 | hold_ros=0.000/0.200 s | stage_ros=8.746 stage_wall=17.100 s
[INFO] [1791563316.588643839] [pid_maze_solver]: TURN_SETTLING P15 stage=FINAL_TURN reason=angle | error=-0.015837 rad tol=0.010000 angle_ok=0 | measured_wz=-0.081642 limit=0.050000 angular_ok=0 | linear_speed=0.000005 limit=0.010000 linear_ok=1 | hold_ros=0.000/0.200 s | stage_ros=9.013 stage_wall=17.600 s
[INFO] [1791563317.088655068] [pid_maze_solver]: TURN_SETTLING P15 stage=FINAL_TURN reason=angle | error=-0.012870 rad tol=0.010000 angle_ok=0 | measured_wz=-0.071020 limit=0.050000 angular_ok=0 | linear_speed=0.000004 limit=0.010000 linear_ok=1 | hold_ros=0.000/0.200 s | stage_ros=9.258 stage_wall=18.100 s
[INFO] [1791563317.608642069] [pid_maze_solver]: TURN_SETTLING P15 stage=FINAL_TURN reason=angle | error=-0.010793 rad tol=0.010000 angle_ok=0 | measured_wz=-0.061504 limit=0.050000 angular_ok=0 | linear_speed=0.000003 limit=0.010000 linear_ok=1 | hold_ros=0.000/0.200 s | stage_ros=9.546 stage_wall=18.620 s
[INFO] [1791563317.792196433] [pid_maze_solver]: P15 FINAL_TURN distance=0.012 yaw_error=-0.010 cmd=(0.000,0.000,-0.008)
[INFO] [1791563318.108736785] [pid_maze_solver]: TURN_SETTLING P15 stage=FINAL_TURN reason=angular_speed | error=-0.008689 rad tol=0.010000 angle_ok=1 | measured_wz=-0.054671 limit=0.050000 angular_ok=0 | linear_speed=0.000003 limit=0.010000 linear_ok=1 | hold_ros=0.000/0.200 s | stage_ros=9.796 stage_wall=19.120 s
[INFO] [1791563318.628689676] [pid_maze_solver]: TURN_SETTLING P15 stage=FINAL_TURN reason=hold | error=-0.008689 rad tol=0.010000 angle_ok=1 | measured_wz=-0.046511 limit=0.050000 angular_ok=1 | linear_speed=0.000002 limit=0.010000 linear_ok=1 | hold_ros=0.136/0.200 s | stage_ros=10.082 stage_wall=19.640 s
[INFO] [1791563318.728688579] [pid_maze_solver]: Final clockwise turn completed: rotation=-3.132904 error=-0.008689 rad
[INFO] [1791563318