[INFO] [1791561909.491480846] [pid_maze_solver]: Generated 14 targets from relative motion distances
[INFO] [1791561909.492779320] [pid_maze_solver]: Task5: 2 points; destination yaw preserved; distance PID=(1.50,0.00,0.00)
[INFO] [1791561909.912927554] [pid_maze_solver]: Route origin P01: x=0.000000 y=0.000000 yaw=0.000000
[INFO] [1791561909.912974801] [pid_maze_solver]: Target P02: x=0.000000 y=0.000000 yaw=0.785398; TURN then MOVE
[INFO] [1791561909.932823604] [pid_maze_solver]: TURN_SETTLING P02 stage=TURN reason=angle | error=0.785398 rad tol=0.010000 angle_ok=0 | measured_wz=0.000000 limit=0.020000 angular_ok=1 | linear_speed=0.000000 limit=0.010000 linear_ok=1 | hold_ros=0.000/0.800 s | stage_ros=0.020 stage_wall=0.020 s
[INFO] [1791561909.933206884] [pid_maze_solver]: P02 TURN distance=0.000 yaw_error=0.785 cmd=(0.000,0.000,0.012)
[INFO] [1791561910.432914312] [pid_maze_solver]: TURN_SETTLING P02 stage=TURN reason=angle | error=0.785398 rad tol=0.010000 angle_ok=0 | measured_wz=0.000000 limit=0.020000 angular_ok=1 | linear_speed=0.000000 limit=0.010000 linear_ok=1 | hold_ros=0.000/0.800 s | stage_ros=0.520 stage_wall=0.520 s
[INFO] [1791561910.933076529] [pid_maze_solver]: TURN_SETTLING P02 stage=TURN reason=angle | error=0.785398 rad tol=0.010000 angle_ok=0 | measured_wz=0.000000 limit=0.020000 angular_ok=1 | linear_speed=0.000000 limit=0.010000 linear_ok=1 | hold_ros=0.000/0.800 s | stage_ros=1.020 stage_wall=1.020 s
[INFO] [1791561910.934431616] [pid_maze_solver]: P02 TURN distance=0.000 yaw_error=0.785 cmd=(0.000,0.000,0.600)
[INFO] [1791561911.452954670] [pid_maze_solver]: TURN_SETTLING P02 stage=TURN reason=angle | error=0.785398 rad tol=0.010000 angle_ok=0 | measured_wz=0.000000 limit=0.020000 angular_ok=1 | linear_speed=0.000000 limit=0.010000 linear_ok=1 | hold_ros=0.000/0.800 s | stage_ros=1.540 stage_wall=1.540 s
[INFO] [1791561911.953066357] [pid_maze_solver]: TURN_SETTLING P02 stage=TURN reason=angle | error=0.428159 rad tol=0.010000 angle_ok=0 | measured_wz=0.000000 limit=0.020000 angular_ok=1 | linear_speed=0.000000 limit=0.010000 linear_ok=1 | hold_ros=0.000/0.800 s | stage_ros=2.040 stage_wall=2.040 s
[INFO] [1791561911.954132400] [pid_maze_solver]: P02 TURN distance=0.000 yaw_error=0.428 cmd=(0.000,0.000,0.600)
[INFO] [1791561912.472971003] [pid_maze_solver]: TURN_SETTLING P02 stage=TURN reason=angle | error=0.019750 rad tol=0.010000 angle_ok=0 | measured_wz=0.000000 limit=0.020000 angular_ok=1 | linear_speed=0.000000 limit=0.010000 linear_ok=1 | hold_ros=0.000/0.800 s | stage_ros=2.560 stage_wall=2.560 s
[INFO] [1791561912.973088761] [pid_maze_solver]: TURN_SETTLING P02 stage=TURN reason=angular_speed | error=-0.000000 rad tol=0.010000 angle_ok=1 | measured_wz=0.050000 limit=0.020000 angular_ok=0 | linear_speed=0.000000 limit=0.010000 linear_ok=1 | hold_ros=0.000/0.800 s | stage_ros=3.060 stage_wall=3.060 s
[INFO] [1791561913.493044360] [pid_maze_solver]: TURN_SETTLING P02 stage=TURN reason=angular_speed | error=-0.000000 rad tol=0.010000 angle_ok=1 | measured_wz=0.050000 limit=0.020000 angular_ok=0 | linear_speed=0.000000 limit=0.010000 linear_ok=1 | hold_ros=0.000/0.800 s | stage_ros=3.580 stage_wall=3.580 s
[INFO] [1791561913.993284770] [pid_maze_solver]: TURN_SETTLING P02 stage=TURN reason=angular_speed | error=-0.000000 rad tol=0.010000 angle_ok=1 | measured_wz=0.050000 limit=0.020000 angular_ok=0 | linear_speed=0.000000 limit=0.010000 linear_ok=1 | hold_ros=0.000/0.800 s | stage_ros=4.080 stage_wall=4.080 s
[INFO] [1791561914.513073584] [pid_maze_solver]: TURN_SETTLING P02 stage=TURN reason=linear_speed | error=-0.000000 rad tol=0.010000 angle_ok=1 | measured_wz=0.000000 limit=0.020000 angular_ok=1 | linear_speed=0.020000 limit=0.010000 linear_ok=0 | hold_ros=0.000/0.800 s | stage_ros=4.600 stage_wall=4.600 s
[INFO] [1791561915.013379633] [pid_maze_solver]: TURN_SETTLING P02 stage=TURN reason=linear_speed | error=-0.000000 rad tol=0.010000 angle_ok=1 | measured_wz=0.000000 limit=0.020000 angular_ok=1 | linear_speed=0.020000 limit=0.010000 linear_ok=0 | hold_ros=0.000/0.800 s | stage_ros=5.100 stage_wall=5.100 s
[INFO] [1791561915.533225485] [pid_maze_solver]: TURN_SETTLING P02 stage=TURN reason=linear_speed | error=-0.000000 rad tol=0.010000 angle_ok=1 | measured_wz=0.000000 limit=0.020000 angular_ok=1 | linear_speed=0.020000 limit=0.010000 linear_ok=0 | hold_ros=0.000/0.800 s | stage_ros=5.620 stage_wall=5.620 s
[INFO] [1791561916.053136577] [pid_maze_solver]: TURN_SETTLING P02 stage=TURN reason=linear_speed | error=-0.000000 rad tol=0.010000 angle_ok=1 | measured_wz=0.000000 limit=0.020000 angular_ok=1 | linear_speed=0.020000 limit=0.010000 linear_ok=0 | hold_ros=0.000/0.800 s | stage_ros=6.140 stage_wall=6.140 s
[INFO] [1791561916.553169228] [pid_maze_solver]: TURN_SETTLING P02 stage=TURN reason=hold | error=-0.000000 rad tol=0.010000 angle_ok=1 | measured_wz=0.000000 limit=0.020000 angular_ok=1 | linear_speed=0.000000 limit=0.010000 linear_ok=1 | hold_ros=0.040/0.800 s | stage_ros=6.640 stage_wall=6.640 s
[INFO] [1791561917.073084844] [pid_maze_solver]: TURN_SETTLING P02 stage=TURN reason=hold | error=-0.000000 rad tol=0.010000 angle_ok=1 | measured_wz=0.000000 limit=0.020000 angular_ok=1 | linear_speed=0.000000 limit=0.010000 linear_ok=1 | hold_ros=0.560/0.800 s | stage_ros=7.160 stage_wall=7.160 s
[INFO] [1791561917.333166100] [pid_maze_solver]: P02 MOVE
[INFO] [1791561918.153241613] [pid_maze_solver]: Reached P02: distance=0.000000 heading_error=-0.000000
[INFO] [1791561918.153396213] [pid_maze_solver]: Route completed; stopped.

Diagnostic gates and partial-route termination: PASS
